Archive member included because of file (symbol)

.\CortexM3\ARM_GCC_493\Debug\PS2Keyboard.a(cyfitter_cfg.o)
                              .\CortexM3\ARM_GCC_493\Debug\Cm3Start.o (cyfitter_cfg)
.\CortexM3\ARM_GCC_493\Debug\PS2Keyboard.a(CyBootAsmGnu.o)
                              .\CortexM3\ARM_GCC_493\Debug\PS2Keyboard.a(cyfitter_cfg.o) (CyDelayCycles)
.\CortexM3\ARM_GCC_493\Debug\PS2Keyboard.a(CyLib.o)
                              .\CortexM3\ARM_GCC_493\Debug\Cm3Start.o (CyHalt)
.\CortexM3\ARM_GCC_493\Debug\PS2Keyboard.a(cyPm.o)
                              .\CortexM3\ARM_GCC_493\Debug\PS2Keyboard.a(CyLib.o) (CyPmReadStatus)
.\CortexM3\ARM_GCC_493\Debug\PS2Keyboard.a(UART.o)
                              .\CortexM3\ARM_GCC_493\Debug\main.o (UART_Start)
.\CortexM3\ARM_GCC_493\Debug\PS2Keyboard.a(PS2.o)
                              .\CortexM3\ARM_GCC_493\Debug\main.o (PS2_Start)
.\CortexM3\ARM_GCC_493\Debug\PS2Keyboard.a(UART_IntClock.o)
                              .\CortexM3\ARM_GCC_493\Debug\PS2Keyboard.a(UART.o) (UART_IntClock_Start)
.\CortexM3\ARM_GCC_493\Debug\PS2Keyboard.a(PS2_controlReg.o)
                              .\CortexM3\ARM_GCC_493\Debug\main.o (PS2_controlReg_Write)
.\CortexM3\ARM_GCC_493\Debug\PS2Keyboard.a(PS2_statusReg.o)
                              .\CortexM3\ARM_GCC_493\Debug\main.o (PS2_statusReg_Read)
.\CortexM3\ARM_GCC_493\Debug\PS2Keyboard.a(PS2_stateReg.o)
                              .\CortexM3\ARM_GCC_493\Debug\PS2Keyboard.a(PS2.o) (PS2_stateReg_Read)
.\CortexM3\ARM_GCC_493\Debug\PS2Keyboard.a(PS2_dataIn.o)
                              .\CortexM3\ARM_GCC_493\Debug\PS2Keyboard.a(PS2.o) (PS2_dataIn_Write)
.\CortexM3\ARM_GCC_493\Debug\PS2Keyboard.a(PS2_dataOut.o)
                              .\CortexM3\ARM_GCC_493\Debug\PS2Keyboard.a(PS2.o) (PS2_dataOut_Read)
.\CortexM3\ARM_GCC_493\Debug\PS2Keyboard.a(PS2_Timer.o)
                              .\CortexM3\ARM_GCC_493\Debug\PS2Keyboard.a(PS2.o) (PS2_Timer_Enable)
.\CortexM3\ARM_GCC_493\Debug\PS2Keyboard.a(PS2_Timer_ISR.o)
                              .\CortexM3\ARM_GCC_493\Debug\PS2Keyboard.a(PS2.o) (PS2_Timer_ISR_StartEx)
.\CortexM3\ARM_GCC_493\Debug\PS2Keyboard.a(CyFlash.o)
                              .\CortexM3\ARM_GCC_493\Debug\PS2Keyboard.a(cyPm.o) (CyFlash_SetWaitCycles)
.\CortexM3\ARM_GCC_493\Debug\PS2Keyboard.a(CySpc.o)
                              .\CortexM3\ARM_GCC_493\Debug\PS2Keyboard.a(CyFlash.o) (CySpcStart)
c:/program files (x86)/cypress/psoc creator/3.3/psoc creator/import/gnu/arm/4.9.3/bin/../lib/gcc/arm-none-eabi/4.9.3/../../../../arm-none-eabi/lib/armv7-m\libg_nano.a(lib_a-errno.o)
                              .\CortexM3\ARM_GCC_493\Debug\Cm3Start.o (__errno)
c:/program files (x86)/cypress/psoc creator/3.3/psoc creator/import/gnu/arm/4.9.3/bin/../lib/gcc/arm-none-eabi/4.9.3/../../../../arm-none-eabi/lib/armv7-m\libg_nano.a(lib_a-exit.o)
                              c:/program files (x86)/cypress/psoc creator/3.3/psoc creator/import/gnu/arm/4.9.3/bin/../lib/gcc/arm-none-eabi/4.9.3/../../../../arm-none-eabi/lib/armv7-m/crt0.o (exit)
c:/program files (x86)/cypress/psoc creator/3.3/psoc creator/import/gnu/arm/4.9.3/bin/../lib/gcc/arm-none-eabi/4.9.3/../../../../arm-none-eabi/lib/armv7-m\libg_nano.a(lib_a-impure.o)
                              c:/program files (x86)/cypress/psoc creator/3.3/psoc creator/import/gnu/arm/4.9.3/bin/../lib/gcc/arm-none-eabi/4.9.3/../../../../arm-none-eabi/lib/armv7-m\libg_nano.a(lib_a-exit.o) (_global_impure_ptr)
c:/program files (x86)/cypress/psoc creator/3.3/psoc creator/import/gnu/arm/4.9.3/bin/../lib/gcc/arm-none-eabi/4.9.3/../../../../arm-none-eabi/lib/armv7-m\libg_nano.a(lib_a-init.o)
                              c:/program files (x86)/cypress/psoc creator/3.3/psoc creator/import/gnu/arm/4.9.3/bin/../lib/gcc/arm-none-eabi/4.9.3/../../../../arm-none-eabi/lib/armv7-m/crt0.o (__libc_init_array)
c:/program files (x86)/cypress/psoc creator/3.3/psoc creator/import/gnu/arm/4.9.3/bin/../lib/gcc/arm-none-eabi/4.9.3/../../../../arm-none-eabi/lib/armv7-m\libg_nano.a(lib_a-memcpy.o)
                              .\CortexM3\ARM_GCC_493\Debug\PS2Keyboard.a(cyfitter_cfg.o) (memcpy)
c:/program files (x86)/cypress/psoc creator/3.3/psoc creator/import/gnu/arm/4.9.3/bin/../lib/gcc/arm-none-eabi/4.9.3/../../../../arm-none-eabi/lib/armv7-m\libg_nano.a(lib_a-memset.o)
                              c:/program files (x86)/cypress/psoc creator/3.3/psoc creator/import/gnu/arm/4.9.3/bin/../lib/gcc/arm-none-eabi/4.9.3/../../../../arm-none-eabi/lib/armv7-m/crt0.o (memset)

Allocating common symbols
Common symbol       size              file

PS2_deviceDetectFail
                    0x1               .\CortexM3\ARM_GCC_493\Debug\PS2Keyboard.a(PS2.o)
PS2_timer_reps      0x2               .\CortexM3\ARM_GCC_493\Debug\PS2Keyboard.a(PS2.o)
PS2_initVar         0x1               .\CortexM3\ARM_GCC_493\Debug\PS2Keyboard.a(PS2.o)
dieTemperature      0x2               .\CortexM3\ARM_GCC_493\Debug\PS2Keyboard.a(CyFlash.o)

Discarded input sections

 .text          0x00000000        0x0 c:/program files (x86)/cypress/psoc creator/3.3/psoc creator/import/gnu/arm/4.9.3/bin/../lib/gcc/arm-none-eabi/4.9.3/armv7-m/crti.o
 .data          0x00000000        0x0 c:/program files (x86)/cypress/psoc creator/3.3/psoc creator/import/gnu/arm/4.9.3/bin/../lib/gcc/arm-none-eabi/4.9.3/armv7-m/crti.o
 .bss           0x00000000        0x0 c:/program files (x86)/cypress/psoc creator/3.3/psoc creator/import/gnu/arm/4.9.3/bin/../lib/gcc/arm-none-eabi/4.9.3/armv7-m/crti.o
 .data          0x00000000        0x4 c:/program files (x86)/cypress/psoc creator/3.3/psoc creator/import/gnu/arm/4.9.3/bin/../lib/gcc/arm-none-eabi/4.9.3/armv7-m/crtbegin.o
 .text          0x00000000       0x74 c:/program files (x86)/cypress/psoc creator/3.3/psoc creator/import/gnu/arm/4.9.3/bin/../lib/gcc/arm-none-eabi/4.9.3/../../../../arm-none-eabi/lib/armv7-m/crt0.o
 .data          0x00000000        0x0 c:/program files (x86)/cypress/psoc creator/3.3/psoc creator/import/gnu/arm/4.9.3/bin/../lib/gcc/arm-none-eabi/4.9.3/../../../../arm-none-eabi/lib/armv7-m/crt0.o
 .bss           0x00000000        0x0 c:/program files (x86)/cypress/psoc creator/3.3/psoc creator/import/gnu/arm/4.9.3/bin/../lib/gcc/arm-none-eabi/4.9.3/../../../../arm-none-eabi/lib/armv7-m/crt0.o
 .ARM.extab     0x00000000        0x0 c:/program files (x86)/cypress/psoc creator/3.3/psoc creator/import/gnu/arm/4.9.3/bin/../lib/gcc/arm-none-eabi/4.9.3/../../../../arm-none-eabi/lib/armv7-m/crt0.o
 .ARM.exidx     0x00000000        0x8 c:/program files (x86)/cypress/psoc creator/3.3/psoc creator/import/gnu/arm/4.9.3/bin/../lib/gcc/arm-none-eabi/4.9.3/../../../../arm-none-eabi/lib/armv7-m/crt0.o
 .text          0x00000000        0x0 .\CortexM3\ARM_GCC_493\Debug\main.o
 .data          0x00000000        0x0 .\CortexM3\ARM_GCC_493\Debug\main.o
 .text          0x00000000        0x0 .\CortexM3\ARM_GCC_493\Debug\keyboard.o
 .data          0x00000000        0x0 .\CortexM3\ARM_GCC_493\Debug\keyboard.o
 .text          0x00000000        0x0 .\CortexM3\ARM_GCC_493\Debug\cymetadata.o
 .data          0x00000000        0x0 .\CortexM3\ARM_GCC_493\Debug\cymetadata.o
 .bss           0x00000000        0x0 .\CortexM3\ARM_GCC_493\Debug\cymetadata.o
 .text          0x00000000        0x0 .\CortexM3\ARM_GCC_493\Debug\Cm3Start.o
 .data          0x00000000        0x4 .\CortexM3\ARM_GCC_493\Debug\Cm3Start.o
 .bss           0x00000000        0x0 .\CortexM3\ARM_GCC_493\Debug\Cm3Start.o
 .text._exit    0x00000000        0xc .\CortexM3\ARM_GCC_493\Debug\Cm3Start.o
 .text._sbrk    0x00000000       0x30 .\CortexM3\ARM_GCC_493\Debug\Cm3Start.o
 .text          0x00000000        0x0 .\CortexM3\ARM_GCC_493\Debug\PS2Keyboard.a(cyfitter_cfg.o)
 .data          0x00000000        0x0 .\CortexM3\ARM_GCC_493\Debug\PS2Keyboard.a(cyfitter_cfg.o)
 .bss           0x00000000        0x0 .\CortexM3\ARM_GCC_493\Debug\PS2Keyboard.a(cyfitter_cfg.o)
 .text.SetAnalogRoutingPumps
                0x00000000       0x10 .\CortexM3\ARM_GCC_493\Debug\PS2Keyboard.a(cyfitter_cfg.o)
 .data          0x00000000        0x0 .\CortexM3\ARM_GCC_493\Debug\PS2Keyboard.a(CyBootAsmGnu.o)
 .bss           0x00000000        0x0 .\CortexM3\ARM_GCC_493\Debug\PS2Keyboard.a(CyBootAsmGnu.o)
 .text          0x00000000        0x0 .\CortexM3\ARM_GCC_493\Debug\PS2Keyboard.a(CyLib.o)
 .bss           0x00000000       0x1c .\CortexM3\ARM_GCC_493\Debug\PS2Keyboard.a(CyLib.o)
 .text.CyUSB_PowerOnCheck
                0x00000000       0x48 .\CortexM3\ARM_GCC_493\Debug\PS2Keyboard.a(CyLib.o)
 .text.CyBusClk_Internal_SetDivider
                0x00000000       0x48 .\CortexM3\ARM_GCC_493\Debug\PS2Keyboard.a(CyLib.o)
 .text.CyPLL_OUT_Stop
                0x00000000       0x10 .\CortexM3\ARM_GCC_493\Debug\PS2Keyboard.a(CyLib.o)
 .text.CyIMO_Stop
                0x00000000       0x1c .\CortexM3\ARM_GCC_493\Debug\PS2Keyboard.a(CyLib.o)
 .text.CyIMO_EnableDoubler
                0x00000000       0x10 .\CortexM3\ARM_GCC_493\Debug\PS2Keyboard.a(CyLib.o)
 .text.CyIMO_DisableDoubler
                0x00000000       0x10 .\CortexM3\ARM_GCC_493\Debug\PS2Keyboard.a(CyLib.o)
 .text.CyMasterClk_SetSource
                0x00000000       0x18 .\CortexM3\ARM_GCC_493\Debug\PS2Keyboard.a(CyLib.o)
 .text.CyMasterClk_SetDivider
                0x00000000        0xc .\CortexM3\ARM_GCC_493\Debug\PS2Keyboard.a(CyLib.o)
 .text.CyBusClk_SetDivider
                0x00000000       0x70 .\CortexM3\ARM_GCC_493\Debug\PS2Keyboard.a(CyLib.o)
 .text.CyUsbClk_SetSource
                0x00000000       0x18 .\CortexM3\ARM_GCC_493\Debug\PS2Keyboard.a(CyLib.o)
 .text.CyILO_Start1K
                0x00000000       0x10 .\CortexM3\ARM_GCC_493\Debug\PS2Keyboard.a(CyLib.o)
 .text.CyILO_Stop1K
                0x00000000       0x10 .\CortexM3\ARM_GCC_493\Debug\PS2Keyboard.a(CyLib.o)
 .text.CyILO_Start100K
                0x00000000       0x10 .\CortexM3\ARM_GCC_493\Debug\PS2Keyboard.a(CyLib.o)
 .text.CyILO_Stop100K
                0x00000000       0x10 .\CortexM3\ARM_GCC_493\Debug\PS2Keyboard.a(CyLib.o)
 .text.CyPLL_OUT_Start
                0x00000000       0x78 .\CortexM3\ARM_GCC_493\Debug\PS2Keyboard.a(CyLib.o)
 .text.CyIMO_Start
                0x00000000       0x60 .\CortexM3\ARM_GCC_493\Debug\PS2Keyboard.a(CyLib.o)
 .text.CyILO_Enable33K
                0x00000000       0x10 .\CortexM3\ARM_GCC_493\Debug\PS2Keyboard.a(CyLib.o)
 .text.CyILO_Disable33K
                0x00000000       0x10 .\CortexM3\ARM_GCC_493\Debug\PS2Keyboard.a(CyLib.o)
 .text.CyILO_SetSource
                0x00000000       0x18 .\CortexM3\ARM_GCC_493\Debug\PS2Keyboard.a(CyLib.o)
 .text.CyILO_SetPowerMode
                0x00000000       0x24 .\CortexM3\ARM_GCC_493\Debug\PS2Keyboard.a(CyLib.o)
 .text.CyXTAL_32KHZ_Stop
                0x00000000       0x30 .\CortexM3\ARM_GCC_493\Debug\PS2Keyboard.a(CyLib.o)
 .text.CyXTAL_32KHZ_ReadStatus
                0x00000000       0x10 .\CortexM3\ARM_GCC_493\Debug\PS2Keyboard.a(CyLib.o)
 .text.CyXTAL_Start
                0x00000000       0xac .\CortexM3\ARM_GCC_493\Debug\PS2Keyboard.a(CyLib.o)
 .text.CyXTAL_Stop
                0x00000000       0x10 .\CortexM3\ARM_GCC_493\Debug\PS2Keyboard.a(CyLib.o)
 .text.CyXTAL_EnableErrStatus
                0x00000000       0x10 .\CortexM3\ARM_GCC_493\Debug\PS2Keyboard.a(CyLib.o)
 .text.CyXTAL_DisableErrStatus
                0x00000000       0x10 .\CortexM3\ARM_GCC_493\Debug\PS2Keyboard.a(CyLib.o)
 .text.CyXTAL_ReadStatus
                0x00000000       0x18 .\CortexM3\ARM_GCC_493\Debug\PS2Keyboard.a(CyLib.o)
 .text.CyXTAL_EnableFaultRecovery
                0x00000000       0x10 .\CortexM3\ARM_GCC_493\Debug\PS2Keyboard.a(CyLib.o)
 .text.CyXTAL_DisableFaultRecovery
                0x00000000       0x10 .\CortexM3\ARM_GCC_493\Debug\PS2Keyboard.a(CyLib.o)
 .text.CyXTAL_SetStartup
                0x00000000       0x18 .\CortexM3\ARM_GCC_493\Debug\PS2Keyboard.a(CyLib.o)
 .text.CyXTAL_SetFbVoltage
                0x00000000       0x18 .\CortexM3\ARM_GCC_493\Debug\PS2Keyboard.a(CyLib.o)
 .text.CyXTAL_SetWdVoltage
                0x00000000       0x18 .\CortexM3\ARM_GCC_493\Debug\PS2Keyboard.a(CyLib.o)
 .text.CyHalt   0x00000000        0x4 .\CortexM3\ARM_GCC_493\Debug\PS2Keyboard.a(CyLib.o)
 .text.CyPLL_OUT_SetPQ
                0x00000000       0x60 .\CortexM3\ARM_GCC_493\Debug\PS2Keyboard.a(CyLib.o)
 .text.CyPLL_OUT_SetSource
                0x00000000       0x34 .\CortexM3\ARM_GCC_493\Debug\PS2Keyboard.a(CyLib.o)
 .text.CyIMO_SetTrimValue
                0x00000000       0xcc .\CortexM3\ARM_GCC_493\Debug\PS2Keyboard.a(CyLib.o)
 .text.CyIMO_SetFreq
                0x00000000       0xf4 .\CortexM3\ARM_GCC_493\Debug\PS2Keyboard.a(CyLib.o)
 .text.CyIMO_SetSource
                0x00000000       0x58 .\CortexM3\ARM_GCC_493\Debug\PS2Keyboard.a(CyLib.o)
 .text.CySoftwareReset
                0x00000000       0x10 .\CortexM3\ARM_GCC_493\Debug\PS2Keyboard.a(CyLib.o)
 .text.CyDelayUs
                0x00000000       0x14 .\CortexM3\ARM_GCC_493\Debug\PS2Keyboard.a(CyLib.o)
 .text.CyXTAL_32KHZ_SetPowerMode
                0x00000000       0x84 .\CortexM3\ARM_GCC_493\Debug\PS2Keyboard.a(CyLib.o)
 .text.CyXTAL_32KHZ_Start
                0x00000000       0x70 .\CortexM3\ARM_GCC_493\Debug\PS2Keyboard.a(CyLib.o)
 .text.CyDelayFreq
                0x00000000       0x4c .\CortexM3\ARM_GCC_493\Debug\PS2Keyboard.a(CyLib.o)
 .text.CyWdtStart
                0x00000000       0x40 .\CortexM3\ARM_GCC_493\Debug\PS2Keyboard.a(CyLib.o)
 .text.CyWdtClear
                0x00000000        0xc .\CortexM3\ARM_GCC_493\Debug\PS2Keyboard.a(CyLib.o)
 .text.CyVdStickyStatus
                0x00000000       0x2c .\CortexM3\ARM_GCC_493\Debug\PS2Keyboard.a(CyLib.o)
 .text.CyVdLvDigitEnable
                0x00000000       0x84 .\CortexM3\ARM_GCC_493\Debug\PS2Keyboard.a(CyLib.o)
 .text.CyVdLvAnalogEnable
                0x00000000       0x80 .\CortexM3\ARM_GCC_493\Debug\PS2Keyboard.a(CyLib.o)
 .text.CyVdLvDigitDisable
                0x00000000       0x30 .\CortexM3\ARM_GCC_493\Debug\PS2Keyboard.a(CyLib.o)
 .text.CyVdLvAnalogDisable
                0x00000000       0x28 .\CortexM3\ARM_GCC_493\Debug\PS2Keyboard.a(CyLib.o)
 .text.CyVdHvAnalogEnable
                0x00000000       0x54 .\CortexM3\ARM_GCC_493\Debug\PS2Keyboard.a(CyLib.o)
 .text.CyVdHvAnalogDisable
                0x00000000       0x20 .\CortexM3\ARM_GCC_493\Debug\PS2Keyboard.a(CyLib.o)
 .text.CyVdRealTimeStatus
                0x00000000       0x1c .\CortexM3\ARM_GCC_493\Debug\PS2Keyboard.a(CyLib.o)
 .text.CyDisableInts
                0x00000000       0x1c .\CortexM3\ARM_GCC_493\Debug\PS2Keyboard.a(CyLib.o)
 .text.CyEnableInts
                0x00000000       0x18 .\CortexM3\ARM_GCC_493\Debug\PS2Keyboard.a(CyLib.o)
 .text.CyFlushCache
                0x00000000       0x44 .\CortexM3\ARM_GCC_493\Debug\PS2Keyboard.a(CyLib.o)
 .text.CyIntSetSysVector
                0x00000000       0x28 .\CortexM3\ARM_GCC_493\Debug\PS2Keyboard.a(CyLib.o)
 .text.CyIntGetSysVector
                0x00000000       0x20 .\CortexM3\ARM_GCC_493\Debug\PS2Keyboard.a(CyLib.o)
 .text.CyIntSetVector
                0x00000000       0x28 .\CortexM3\ARM_GCC_493\Debug\PS2Keyboard.a(CyLib.o)
 .text.CyIntGetVector
                0x00000000       0x24 .\CortexM3\ARM_GCC_493\Debug\PS2Keyboard.a(CyLib.o)
 .text.CyIntSetPriority
                0x00000000       0x30 .\CortexM3\ARM_GCC_493\Debug\PS2Keyboard.a(CyLib.o)
 .text.CyIntGetPriority
                0x00000000       0x20 .\CortexM3\ARM_GCC_493\Debug\PS2Keyboard.a(CyLib.o)
 .text.CyIntGetState
                0x00000000       0x24 .\CortexM3\ARM_GCC_493\Debug\PS2Keyboard.a(CyLib.o)
 .text.CySysTickStop
                0x00000000       0x10 .\CortexM3\ARM_GCC_493\Debug\PS2Keyboard.a(CyLib.o)
 .text.CySysTickEnableInterrupt
                0x00000000       0x10 .\CortexM3\ARM_GCC_493\Debug\PS2Keyboard.a(CyLib.o)
 .text.CySysTickEnable
                0x00000000       0x18 .\CortexM3\ARM_GCC_493\Debug\PS2Keyboard.a(CyLib.o)
 .text.CySysTickDisableInterrupt
                0x00000000       0x10 .\CortexM3\ARM_GCC_493\Debug\PS2Keyboard.a(CyLib.o)
 .text.CySysTickSetReload
                0x00000000       0x10 .\CortexM3\ARM_GCC_493\Debug\PS2Keyboard.a(CyLib.o)
 .text.CySysTickGetReload
                0x00000000       0x10 .\CortexM3\ARM_GCC_493\Debug\PS2Keyboard.a(CyLib.o)
 .text.CySysTickGetValue
                0x00000000       0x10 .\CortexM3\ARM_GCC_493\Debug\PS2Keyboard.a(CyLib.o)
 .text.CySysTickSetClockSource
                0x00000000       0x20 .\CortexM3\ARM_GCC_493\Debug\PS2Keyboard.a(CyLib.o)
 .text.CySysTickGetCountFlag
                0x00000000       0x10 .\CortexM3\ARM_GCC_493\Debug\PS2Keyboard.a(CyLib.o)
 .text.CySysTickServiceCallbacks
                0x00000000       0x28 .\CortexM3\ARM_GCC_493\Debug\PS2Keyboard.a(CyLib.o)
 .text.CySysTickClear
                0x00000000        0xc .\CortexM3\ARM_GCC_493\Debug\PS2Keyboard.a(CyLib.o)
 .text.CySysTickInit
                0x00000000       0x58 .\CortexM3\ARM_GCC_493\Debug\PS2Keyboard.a(CyLib.o)
 .text.CySysTickStart
                0x00000000       0x1c .\CortexM3\ARM_GCC_493\Debug\PS2Keyboard.a(CyLib.o)
 .text.CySysTickSetCallback
                0x00000000       0x10 .\CortexM3\ARM_GCC_493\Debug\PS2Keyboard.a(CyLib.o)
 .text.CySysTickGetCallback
                0x00000000       0x10 .\CortexM3\ARM_GCC_493\Debug\PS2Keyboard.a(CyLib.o)
 .text.CyGetUniqueId
                0x00000000       0x70 .\CortexM3\ARM_GCC_493\Debug\PS2Keyboard.a(CyLib.o)
 .text          0x00000000        0x0 .\CortexM3\ARM_GCC_493\Debug\PS2Keyboard.a(cyPm.o)
 .data          0x00000000        0x0 .\CortexM3\ARM_GCC_493\Debug\PS2Keyboard.a(cyPm.o)
 .bss           0x00000000       0x44 .\CortexM3\ARM_GCC_493\Debug\PS2Keyboard.a(cyPm.o)
 .text.CyPmHibSlpSaveSet
                0x00000000      0x1dc .\CortexM3\ARM_GCC_493\Debug\PS2Keyboard.a(cyPm.o)
 .text.CyPmHibSlpRestore
                0x00000000       0xd4 .\CortexM3\ARM_GCC_493\Debug\PS2Keyboard.a(cyPm.o)
 .text.CyPmHviLviSaveDisable
                0x00000000       0xa0 .\CortexM3\ARM_GCC_493\Debug\PS2Keyboard.a(cyPm.o)
 .text.CyPmHibSaveSet
                0x00000000       0x8c .\CortexM3\ARM_GCC_493\Debug\PS2Keyboard.a(cyPm.o)
 .text.CyPmHviLviRestore
                0x00000000       0x48 .\CortexM3\ARM_GCC_493\Debug\PS2Keyboard.a(cyPm.o)
 .text.CyPmHibRestore
                0x00000000       0x58 .\CortexM3\ARM_GCC_493\Debug\PS2Keyboard.a(cyPm.o)
 .text.CyPmSaveClocks
                0x00000000      0x218 .\CortexM3\ARM_GCC_493\Debug\PS2Keyboard.a(cyPm.o)
 .text.CyPmRestoreClocks
                0x00000000      0x24c .\CortexM3\ARM_GCC_493\Debug\PS2Keyboard.a(cyPm.o)
 .text.CyPmAltAct
                0x00000000       0x6c .\CortexM3\ARM_GCC_493\Debug\PS2Keyboard.a(cyPm.o)
 .text.CyPmSleep
                0x00000000       0xf4 .\CortexM3\ARM_GCC_493\Debug\PS2Keyboard.a(cyPm.o)
 .text.CyPmHibernateEx
                0x00000000       0xf4 .\CortexM3\ARM_GCC_493\Debug\PS2Keyboard.a(cyPm.o)
 .text.CyPmHibernate
                0x00000000        0xc .\CortexM3\ARM_GCC_493\Debug\PS2Keyboard.a(cyPm.o)
 .text.CyPmReadStatus
                0x00000000       0x30 .\CortexM3\ARM_GCC_493\Debug\PS2Keyboard.a(cyPm.o)
 .text.CyPmCtwSetInterval
                0x00000000       0x5c .\CortexM3\ARM_GCC_493\Debug\PS2Keyboard.a(cyPm.o)
 .text.CyPmOppsSet
                0x00000000       0x2c .\CortexM3\ARM_GCC_493\Debug\PS2Keyboard.a(cyPm.o)
 .text.CyPmFtwSetInterval
                0x00000000       0x5c .\CortexM3\ARM_GCC_493\Debug\PS2Keyboard.a(cyPm.o)
 .rodata        0x00000000       0x10 .\CortexM3\ARM_GCC_493\Debug\PS2Keyboard.a(cyPm.o)
 .text          0x00000000        0x0 .\CortexM3\ARM_GCC_493\Debug\PS2Keyboard.a(UART.o)
 .data          0x00000000        0x0 .\CortexM3\ARM_GCC_493\Debug\PS2Keyboard.a(UART.o)
 .text.UART_Stop
                0x00000000       0x3c .\CortexM3\ARM_GCC_493\Debug\PS2Keyboard.a(UART.o)
 .text.UART_ReadControlRegister
                0x00000000        0x4 .\CortexM3\ARM_GCC_493\Debug\PS2Keyboard.a(UART.o)
 .text.UART_WriteControlRegister
                0x00000000        0x4 .\CortexM3\ARM_GCC_493\Debug\PS2Keyboard.a(UART.o)
 .text.UART_SetRxInterruptMode
                0x00000000        0xc .\CortexM3\ARM_GCC_493\Debug\PS2Keyboard.a(UART.o)
 .text.UART_ReadRxData
                0x00000000        0xc .\CortexM3\ARM_GCC_493\Debug\PS2Keyboard.a(UART.o)
 .text.UART_ReadRxStatus
                0x00000000       0x10 .\CortexM3\ARM_GCC_493\Debug\PS2Keyboard.a(UART.o)
 .text.UART_GetChar
                0x00000000       0x2c .\CortexM3\ARM_GCC_493\Debug\PS2Keyboard.a(UART.o)
 .text.UART_GetByte
                0x00000000       0x14 .\CortexM3\ARM_GCC_493\Debug\PS2Keyboard.a(UART.o)
 .text.UART_GetRxBufferSize
                0x00000000       0x18 .\CortexM3\ARM_GCC_493\Debug\PS2Keyboard.a(UART.o)
 .text.UART_ClearRxBuffer
                0x00000000       0x24 .\CortexM3\ARM_GCC_493\Debug\PS2Keyboard.a(UART.o)
 .text.UART_SetRxAddressMode
                0x00000000        0x4 .\CortexM3\ARM_GCC_493\Debug\PS2Keyboard.a(UART.o)
 .text.UART_SetRxAddress1
                0x00000000        0xc .\CortexM3\ARM_GCC_493\Debug\PS2Keyboard.a(UART.o)
 .text.UART_SetRxAddress2
                0x00000000        0xc .\CortexM3\ARM_GCC_493\Debug\PS2Keyboard.a(UART.o)
 .text.UART_SetTxInterruptMode
                0x00000000        0xc .\CortexM3\ARM_GCC_493\Debug\PS2Keyboard.a(UART.o)
 .text.UART_WriteTxData
                0x00000000       0x14 .\CortexM3\ARM_GCC_493\Debug\PS2Keyboard.a(UART.o)
 .text.UART_ReadTxStatus
                0x00000000        0xc .\CortexM3\ARM_GCC_493\Debug\PS2Keyboard.a(UART.o)
 .text.UART_PutArray
                0x00000000       0x28 .\CortexM3\ARM_GCC_493\Debug\PS2Keyboard.a(UART.o)
 .text.UART_PutCRLF
                0x00000000       0x20 .\CortexM3\ARM_GCC_493\Debug\PS2Keyboard.a(UART.o)
 .text.UART_GetTxBufferSize
                0x00000000       0x24 .\CortexM3\ARM_GCC_493\Debug\PS2Keyboard.a(UART.o)
 .text.UART_ClearTxBuffer
                0x00000000       0x24 .\CortexM3\ARM_GCC_493\Debug\PS2Keyboard.a(UART.o)
 .text.UART_SendBreak
                0x00000000       0x58 .\CortexM3\ARM_GCC_493\Debug\PS2Keyboard.a(UART.o)
 .text.UART_SetTxAddressMode
                0x00000000        0x4 .\CortexM3\ARM_GCC_493\Debug\PS2Keyboard.a(UART.o)
 .text          0x00000000        0x0 .\CortexM3\ARM_GCC_493\Debug\PS2Keyboard.a(PS2.o)
 .data          0x00000000        0x0 .\CortexM3\ARM_GCC_493\Debug\PS2Keyboard.a(PS2.o)
 .bss           0x00000000        0x0 .\CortexM3\ARM_GCC_493\Debug\PS2Keyboard.a(PS2.o)
 .text.PS2_ReadByte
                0x00000000       0x2c .\CortexM3\ARM_GCC_493\Debug\PS2Keyboard.a(PS2.o)
 .text          0x00000000        0x0 .\CortexM3\ARM_GCC_493\Debug\PS2Keyboard.a(UART_IntClock.o)
 .data          0x00000000        0x0 .\CortexM3\ARM_GCC_493\Debug\PS2Keyboard.a(UART_IntClock.o)
 .bss           0x00000000        0x0 .\CortexM3\ARM_GCC_493\Debug\PS2Keyboard.a(UART_IntClock.o)
 .text.UART_IntClock_Stop
                0x00000000       0x1c .\CortexM3\ARM_GCC_493\Debug\PS2Keyboard.a(UART_IntClock.o)
 .text.UART_IntClock_StopBlock
                0x00000000       0x6c .\CortexM3\ARM_GCC_493\Debug\PS2Keyboard.a(UART_IntClock.o)
 .text.UART_IntClock_StandbyPower
                0x00000000       0x20 .\CortexM3\ARM_GCC_493\Debug\PS2Keyboard.a(UART_IntClock.o)
 .text.UART_IntClock_GetDividerRegister
                0x00000000        0xc .\CortexM3\ARM_GCC_493\Debug\PS2Keyboard.a(UART_IntClock.o)
 .text.UART_IntClock_SetModeRegister
                0x00000000       0x14 .\CortexM3\ARM_GCC_493\Debug\PS2Keyboard.a(UART_IntClock.o)
 .text.UART_IntClock_ClearModeRegister
                0x00000000       0x18 .\CortexM3\ARM_GCC_493\Debug\PS2Keyboard.a(UART_IntClock.o)
 .text.UART_IntClock_GetModeRegister
                0x00000000       0x10 .\CortexM3\ARM_GCC_493\Debug\PS2Keyboard.a(UART_IntClock.o)
 .text.UART_IntClock_GetSourceRegister
                0x00000000       0x10 .\CortexM3\ARM_GCC_493\Debug\PS2Keyboard.a(UART_IntClock.o)
 .text.UART_IntClock_SetDividerRegister
                0x00000000       0xdc .\CortexM3\ARM_GCC_493\Debug\PS2Keyboard.a(UART_IntClock.o)
 .text.UART_IntClock_SetSourceRegister
                0x00000000       0x5c .\CortexM3\ARM_GCC_493\Debug\PS2Keyboard.a(UART_IntClock.o)
 .text          0x00000000        0x0 .\CortexM3\ARM_GCC_493\Debug\PS2Keyboard.a(PS2_controlReg.o)
 .data          0x00000000        0x0 .\CortexM3\ARM_GCC_493\Debug\PS2Keyboard.a(PS2_controlReg.o)
 .bss           0x00000000        0x0 .\CortexM3\ARM_GCC_493\Debug\PS2Keyboard.a(PS2_controlReg.o)
 .text          0x00000000        0x0 .\CortexM3\ARM_GCC_493\Debug\PS2Keyboard.a(PS2_statusReg.o)
 .data          0x00000000        0x0 .\CortexM3\ARM_GCC_493\Debug\PS2Keyboard.a(PS2_statusReg.o)
 .bss           0x00000000        0x0 .\CortexM3\ARM_GCC_493\Debug\PS2Keyboard.a(PS2_statusReg.o)
 .text.PS2_statusReg_InterruptEnable
                0x00000000       0x1c .\CortexM3\ARM_GCC_493\Debug\PS2Keyboard.a(PS2_statusReg.o)
 .text.PS2_statusReg_InterruptDisable
                0x00000000       0x1c .\CortexM3\ARM_GCC_493\Debug\PS2Keyboard.a(PS2_statusReg.o)
 .text.PS2_statusReg_WriteMask
                0x00000000       0x10 .\CortexM3\ARM_GCC_493\Debug\PS2Keyboard.a(PS2_statusReg.o)
 .text.PS2_statusReg_ReadMask
                0x00000000        0xc .\CortexM3\ARM_GCC_493\Debug\PS2Keyboard.a(PS2_statusReg.o)
 .text          0x00000000        0x0 .\CortexM3\ARM_GCC_493\Debug\PS2Keyboard.a(PS2_stateReg.o)
 .data          0x00000000        0x0 .\CortexM3\ARM_GCC_493\Debug\PS2Keyboard.a(PS2_stateReg.o)
 .bss           0x00000000        0x0 .\CortexM3\ARM_GCC_493\Debug\PS2Keyboard.a(PS2_stateReg.o)
 .text.PS2_stateReg_InterruptEnable
                0x00000000       0x1c .\CortexM3\ARM_GCC_493\Debug\PS2Keyboard.a(PS2_stateReg.o)
 .text.PS2_stateReg_InterruptDisable
                0x00000000       0x1c .\CortexM3\ARM_GCC_493\Debug\PS2Keyboard.a(PS2_stateReg.o)
 .text.PS2_stateReg_WriteMask
                0x00000000        0xc .\CortexM3\ARM_GCC_493\Debug\PS2Keyboard.a(PS2_stateReg.o)
 .text.PS2_stateReg_ReadMask
                0x00000000        0xc .\CortexM3\ARM_GCC_493\Debug\PS2Keyboard.a(PS2_stateReg.o)
 .text          0x00000000        0x0 .\CortexM3\ARM_GCC_493\Debug\PS2Keyboard.a(PS2_dataIn.o)
 .data          0x00000000        0x0 .\CortexM3\ARM_GCC_493\Debug\PS2Keyboard.a(PS2_dataIn.o)
 .bss           0x00000000        0x0 .\CortexM3\ARM_GCC_493\Debug\PS2Keyboard.a(PS2_dataIn.o)
 .text.PS2_dataIn_Read
                0x00000000        0xc .\CortexM3\ARM_GCC_493\Debug\PS2Keyboard.a(PS2_dataIn.o)
 .text          0x00000000        0x0 .\CortexM3\ARM_GCC_493\Debug\PS2Keyboard.a(PS2_dataOut.o)
 .data          0x00000000        0x0 .\CortexM3\ARM_GCC_493\Debug\PS2Keyboard.a(PS2_dataOut.o)
 .bss           0x00000000        0x0 .\CortexM3\ARM_GCC_493\Debug\PS2Keyboard.a(PS2_dataOut.o)
 .text.PS2_dataOut_InterruptEnable
                0x00000000       0x1c .\CortexM3\ARM_GCC_493\Debug\PS2Keyboard.a(PS2_dataOut.o)
 .text.PS2_dataOut_InterruptDisable
                0x00000000       0x1c .\CortexM3\ARM_GCC_493\Debug\PS2Keyboard.a(PS2_dataOut.o)
 .text.PS2_dataOut_WriteMask
                0x00000000        0xc .\CortexM3\ARM_GCC_493\Debug\PS2Keyboard.a(PS2_dataOut.o)
 .text.PS2_dataOut_ReadMask
                0x00000000        0xc .\CortexM3\ARM_GCC_493\Debug\PS2Keyboard.a(PS2_dataOut.o)
 .text          0x00000000        0x0 .\CortexM3\ARM_GCC_493\Debug\PS2Keyboard.a(PS2_Timer.o)
 .data          0x00000000        0x0 .\CortexM3\ARM_GCC_493\Debug\PS2Keyboard.a(PS2_Timer.o)
 .text.PS2_Timer_SoftwareCapture
                0x00000000        0xc .\CortexM3\ARM_GCC_493\Debug\PS2Keyboard.a(PS2_Timer.o)
 .text.PS2_Timer_ReadControlRegister
                0x00000000        0xc .\CortexM3\ARM_GCC_493\Debug\PS2Keyboard.a(PS2_Timer.o)
 .text.PS2_Timer_WriteControlRegister
                0x00000000        0xc .\CortexM3\ARM_GCC_493\Debug\PS2Keyboard.a(PS2_Timer.o)
 .text.PS2_Timer_ReadPeriod
                0x00000000        0xc .\CortexM3\ARM_GCC_493\Debug\PS2Keyboard.a(PS2_Timer.o)
 .text.PS2_Timer_ReadCounter
                0x00000000       0x14 .\CortexM3\ARM_GCC_493\Debug\PS2Keyboard.a(PS2_Timer.o)
 .text          0x00000000        0x0 .\CortexM3\ARM_GCC_493\Debug\PS2Keyboard.a(PS2_Timer_ISR.o)
 .data          0x00000000        0x0 .\CortexM3\ARM_GCC_493\Debug\PS2Keyboard.a(PS2_Timer_ISR.o)
 .bss           0x00000000        0x0 .\CortexM3\ARM_GCC_493\Debug\PS2Keyboard.a(PS2_Timer_ISR.o)
 .text.PS2_Timer_ISR_Interrupt
                0x00000000        0x4 .\CortexM3\ARM_GCC_493\Debug\PS2Keyboard.a(PS2_Timer_ISR.o)
 .text.PS2_Timer_ISR_GetVector
                0x00000000        0xc .\CortexM3\ARM_GCC_493\Debug\PS2Keyboard.a(PS2_Timer_ISR.o)
 .text.PS2_Timer_ISR_GetPriority
                0x00000000        0xc .\CortexM3\ARM_GCC_493\Debug\PS2Keyboard.a(PS2_Timer_ISR.o)
 .text.PS2_Timer_ISR_GetState
                0x00000000       0x10 .\CortexM3\ARM_GCC_493\Debug\PS2Keyboard.a(PS2_Timer_ISR.o)
 .text.PS2_Timer_ISR_Start
                0x00000000       0x1c .\CortexM3\ARM_GCC_493\Debug\PS2Keyboard.a(PS2_Timer_ISR.o)
 .text.PS2_Timer_ISR_Stop
                0x00000000       0x14 .\CortexM3\ARM_GCC_493\Debug\PS2Keyboard.a(PS2_Timer_ISR.o)
 .text.PS2_Timer_ISR_SetPending
                0x00000000        0xc .\CortexM3\ARM_GCC_493\Debug\PS2Keyboard.a(PS2_Timer_ISR.o)
 .text.PS2_Timer_ISR_ClearPending
                0x00000000        0xc .\CortexM3\ARM_GCC_493\Debug\PS2Keyboard.a(PS2_Timer_ISR.o)
 .text          0x00000000        0x0 .\CortexM3\ARM_GCC_493\Debug\PS2Keyboard.a(CyFlash.o)
 .data          0x00000000        0x0 .\CortexM3\ARM_GCC_493\Debug\PS2Keyboard.a(CyFlash.o)
 .bss           0x00000000        0x4 .\CortexM3\ARM_GCC_493\Debug\PS2Keyboard.a(CyFlash.o)
 .text.CyFlashGetSpcAlgorithm
                0x00000000       0x4c .\CortexM3\ARM_GCC_493\Debug\PS2Keyboard.a(CyFlash.o)
 .text.CySetTempInt
                0x00000000       0x60 .\CortexM3\ARM_GCC_493\Debug\PS2Keyboard.a(CyFlash.o)
 .text.CyFlash_Start
                0x00000000       0x54 .\CortexM3\ARM_GCC_493\Debug\PS2Keyboard.a(CyFlash.o)
 .text.CyFlash_Stop
                0x00000000       0x24 .\CortexM3\ARM_GCC_493\Debug\PS2Keyboard.a(CyFlash.o)
 .text.CySetTemp
                0x00000000       0x14 .\CortexM3\ARM_GCC_493\Debug\PS2Keyboard.a(CyFlash.o)
 .text.CySetFlashEEBuffer
                0x00000000       0x28 .\CortexM3\ARM_GCC_493\Debug\PS2Keyboard.a(CyFlash.o)
 .text.CyWriteRowFull
                0x00000000       0xf8 .\CortexM3\ARM_GCC_493\Debug\PS2Keyboard.a(CyFlash.o)
 .text.CyWriteRowData
                0x00000000       0x14 .\CortexM3\ARM_GCC_493\Debug\PS2Keyboard.a(CyFlash.o)
 .text.CyFlash_SetWaitCycles
                0x00000000       0x7c .\CortexM3\ARM_GCC_493\Debug\PS2Keyboard.a(CyFlash.o)
 .text.CyEEPROM_Start
                0x00000000       0x54 .\CortexM3\ARM_GCC_493\Debug\PS2Keyboard.a(CyFlash.o)
 .text.CyEEPROM_Stop
                0x00000000       0x24 .\CortexM3\ARM_GCC_493\Debug\PS2Keyboard.a(CyFlash.o)
 .text.CyEEPROM_ReadReserve
                0x00000000       0x1c .\CortexM3\ARM_GCC_493\Debug\PS2Keyboard.a(CyFlash.o)
 .text.CyEEPROM_ReadRelease
                0x00000000       0x10 .\CortexM3\ARM_GCC_493\Debug\PS2Keyboard.a(CyFlash.o)
 COMMON         0x00000000        0x2 .\CortexM3\ARM_GCC_493\Debug\PS2Keyboard.a(CyFlash.o)
 .text          0x00000000        0x0 .\CortexM3\ARM_GCC_493\Debug\PS2Keyboard.a(CySpc.o)
 .data          0x00000000        0x0 .\CortexM3\ARM_GCC_493\Debug\PS2Keyboard.a(CySpc.o)
 .bss           0x00000000        0x8 .\CortexM3\ARM_GCC_493\Debug\PS2Keyboard.a(CySpc.o)
 .text.CySpcStart
                0x00000000       0x24 .\CortexM3\ARM_GCC_493\Debug\PS2Keyboard.a(CySpc.o)
 .text.CySpcStop
                0x00000000       0x24 .\CortexM3\ARM_GCC_493\Debug\PS2Keyboard.a(CySpc.o)
 .text.CySpcReadData
                0x00000000       0x34 .\CortexM3\ARM_GCC_493\Debug\PS2Keyboard.a(CySpc.o)
 .text.CySpcLoadMultiByte
                0x00000000       0x78 .\CortexM3\ARM_GCC_493\Debug\PS2Keyboard.a(CySpc.o)
 .text.CySpcLoadRow
                0x00000000       0x54 .\CortexM3\ARM_GCC_493\Debug\PS2Keyboard.a(CySpc.o)
 .text.CySpcLoadRowFull
                0x00000000       0x80 .\CortexM3\ARM_GCC_493\Debug\PS2Keyboard.a(CySpc.o)
 .text.CySpcWriteRow
                0x00000000       0x4c .\CortexM3\ARM_GCC_493\Debug\PS2Keyboard.a(CySpc.o)
 .text.CySpcEraseSector
                0x00000000       0x3c .\CortexM3\ARM_GCC_493\Debug\PS2Keyboard.a(CySpc.o)
 .text.CySpcGetTemp
                0x00000000       0x3c .\CortexM3\ARM_GCC_493\Debug\PS2Keyboard.a(CySpc.o)
 .text.CySpcLock
                0x00000000       0x4c .\CortexM3\ARM_GCC_493\Debug\PS2Keyboard.a(CySpc.o)
 .text.CySpcUnlock
                0x00000000       0x38 .\CortexM3\ARM_GCC_493\Debug\PS2Keyboard.a(CySpc.o)
 .text.CySpcGetAlgorithm
                0x00000000       0x28 .\CortexM3\ARM_GCC_493\Debug\PS2Keyboard.a(CySpc.o)
 .text          0x00000000        0x0 c:/program files (x86)/cypress/psoc creator/3.3/psoc creator/import/gnu/arm/4.9.3/bin/../lib/gcc/arm-none-eabi/4.9.3/../../../../arm-none-eabi/lib/armv7-m\libg_nano.a(lib_a-errno.o)
 .data          0x00000000        0x0 c:/program files (x86)/cypress/psoc creator/3.3/psoc creator/import/gnu/arm/4.9.3/bin/../lib/gcc/arm-none-eabi/4.9.3/../../../../arm-none-eabi/lib/armv7-m\libg_nano.a(lib_a-errno.o)
 .bss           0x00000000        0x0 c:/program files (x86)/cypress/psoc creator/3.3/psoc creator/import/gnu/arm/4.9.3/bin/../lib/gcc/arm-none-eabi/4.9.3/../../../../arm-none-eabi/lib/armv7-m\libg_nano.a(lib_a-errno.o)
 .text.__errno  0x00000000        0xc c:/program files (x86)/cypress/psoc creator/3.3/psoc creator/import/gnu/arm/4.9.3/bin/../lib/gcc/arm-none-eabi/4.9.3/../../../../arm-none-eabi/lib/armv7-m\libg_nano.a(lib_a-errno.o)
 .text          0x00000000        0x0 c:/program files (x86)/cypress/psoc creator/3.3/psoc creator/import/gnu/arm/4.9.3/bin/../lib/gcc/arm-none-eabi/4.9.3/../../../../arm-none-eabi/lib/armv7-m\libg_nano.a(lib_a-exit.o)
 .data          0x00000000        0x0 c:/program files (x86)/cypress/psoc creator/3.3/psoc creator/import/gnu/arm/4.9.3/bin/../lib/gcc/arm-none-eabi/4.9.3/../../../../arm-none-eabi/lib/armv7-m\libg_nano.a(lib_a-exit.o)
 .bss           0x00000000        0x0 c:/program files (x86)/cypress/psoc creator/3.3/psoc creator/import/gnu/arm/4.9.3/bin/../lib/gcc/arm-none-eabi/4.9.3/../../../../arm-none-eabi/lib/armv7-m\libg_nano.a(lib_a-exit.o)
 .text.exit     0x00000000       0x28 c:/program files (x86)/cypress/psoc creator/3.3/psoc creator/import/gnu/arm/4.9.3/bin/../lib/gcc/arm-none-eabi/4.9.3/../../../../arm-none-eabi/lib/armv7-m\libg_nano.a(lib_a-exit.o)
 .text          0x00000000        0x0 c:/program files (x86)/cypress/psoc creator/3.3/psoc creator/import/gnu/arm/4.9.3/bin/../lib/gcc/arm-none-eabi/4.9.3/../../../../arm-none-eabi/lib/armv7-m\libg_nano.a(lib_a-impure.o)
 .data          0x00000000        0x0 c:/program files (x86)/cypress/psoc creator/3.3/psoc creator/import/gnu/arm/4.9.3/bin/../lib/gcc/arm-none-eabi/4.9.3/../../../../arm-none-eabi/lib/armv7-m\libg_nano.a(lib_a-impure.o)
 .bss           0x00000000        0x0 c:/program files (x86)/cypress/psoc creator/3.3/psoc creator/import/gnu/arm/4.9.3/bin/../lib/gcc/arm-none-eabi/4.9.3/../../../../arm-none-eabi/lib/armv7-m\libg_nano.a(lib_a-impure.o)
 .data.impure_data
                0x00000000       0x60 c:/program files (x86)/cypress/psoc creator/3.3/psoc creator/import/gnu/arm/4.9.3/bin/../lib/gcc/arm-none-eabi/4.9.3/../../../../arm-none-eabi/lib/armv7-m\libg_nano.a(lib_a-impure.o)
 .data._impure_ptr
                0x00000000        0x4 c:/program files (x86)/cypress/psoc creator/3.3/psoc creator/import/gnu/arm/4.9.3/bin/../lib/gcc/arm-none-eabi/4.9.3/../../../../arm-none-eabi/lib/armv7-m\libg_nano.a(lib_a-impure.o)
 .rodata.str1.1
                0x00000000        0x2 c:/program files (x86)/cypress/psoc creator/3.3/psoc creator/import/gnu/arm/4.9.3/bin/../lib/gcc/arm-none-eabi/4.9.3/../../../../arm-none-eabi/lib/armv7-m\libg_nano.a(lib_a-impure.o)
 .rodata._global_impure_ptr
                0x00000000        0x4 c:/program files (x86)/cypress/psoc creator/3.3/psoc creator/import/gnu/arm/4.9.3/bin/../lib/gcc/arm-none-eabi/4.9.3/../../../../arm-none-eabi/lib/armv7-m\libg_nano.a(lib_a-impure.o)
 .text          0x00000000        0x0 c:/program files (x86)/cypress/psoc creator/3.3/psoc creator/import/gnu/arm/4.9.3/bin/../lib/gcc/arm-none-eabi/4.9.3/../../../../arm-none-eabi/lib/armv7-m\libg_nano.a(lib_a-init.o)
 .data          0x00000000        0x0 c:/program files (x86)/cypress/psoc creator/3.3/psoc creator/import/gnu/arm/4.9.3/bin/../lib/gcc/arm-none-eabi/4.9.3/../../../../arm-none-eabi/lib/armv7-m\libg_nano.a(lib_a-init.o)
 .bss           0x00000000        0x0 c:/program files (x86)/cypress/psoc creator/3.3/psoc creator/import/gnu/arm/4.9.3/bin/../lib/gcc/arm-none-eabi/4.9.3/../../../../arm-none-eabi/lib/armv7-m\libg_nano.a(lib_a-init.o)
 .text          0x00000000        0x0 c:/program files (x86)/cypress/psoc creator/3.3/psoc creator/import/gnu/arm/4.9.3/bin/../lib/gcc/arm-none-eabi/4.9.3/../../../../arm-none-eabi/lib/armv7-m\libg_nano.a(lib_a-memcpy.o)
 .data          0x00000000        0x0 c:/program files (x86)/cypress/psoc creator/3.3/psoc creator/import/gnu/arm/4.9.3/bin/../lib/gcc/arm-none-eabi/4.9.3/../../../../arm-none-eabi/lib/armv7-m\libg_nano.a(lib_a-memcpy.o)
 .bss           0x00000000        0x0 c:/program files (x86)/cypress/psoc creator/3.3/psoc creator/import/gnu/arm/4.9.3/bin/../lib/gcc/arm-none-eabi/4.9.3/../../../../arm-none-eabi/lib/armv7-m\libg_nano.a(lib_a-memcpy.o)
 .text          0x00000000        0x0 c:/program files (x86)/cypress/psoc creator/3.3/psoc creator/import/gnu/arm/4.9.3/bin/../lib/gcc/arm-none-eabi/4.9.3/../../../../arm-none-eabi/lib/armv7-m\libg_nano.a(lib_a-memset.o)
 .data          0x00000000        0x0 c:/program files (x86)/cypress/psoc creator/3.3/psoc creator/import/gnu/arm/4.9.3/bin/../lib/gcc/arm-none-eabi/4.9.3/../../../../arm-none-eabi/lib/armv7-m\libg_nano.a(lib_a-memset.o)
 .bss           0x00000000        0x0 c:/program files (x86)/cypress/psoc creator/3.3/psoc creator/import/gnu/arm/4.9.3/bin/../lib/gcc/arm-none-eabi/4.9.3/../../../../arm-none-eabi/lib/armv7-m\libg_nano.a(lib_a-memset.o)
 .text          0x00000000        0x0 c:/program files (x86)/cypress/psoc creator/3.3/psoc creator/import/gnu/arm/4.9.3/bin/../lib/gcc/arm-none-eabi/4.9.3/armv7-m/crtend.o
 .data          0x00000000        0x0 c:/program files (x86)/cypress/psoc creator/3.3/psoc creator/import/gnu/arm/4.9.3/bin/../lib/gcc/arm-none-eabi/4.9.3/armv7-m/crtend.o
 .bss           0x00000000        0x0 c:/program files (x86)/cypress/psoc creator/3.3/psoc creator/import/gnu/arm/4.9.3/bin/../lib/gcc/arm-none-eabi/4.9.3/armv7-m/crtend.o
 .text          0x00000000        0x0 c:/program files (x86)/cypress/psoc creator/3.3/psoc creator/import/gnu/arm/4.9.3/bin/../lib/gcc/arm-none-eabi/4.9.3/armv7-m/crtn.o
 .data          0x00000000        0x0 c:/program files (x86)/cypress/psoc creator/3.3/psoc creator/import/gnu/arm/4.9.3/bin/../lib/gcc/arm-none-eabi/4.9.3/armv7-m/crtn.o
 .bss           0x00000000        0x0 c:/program files (x86)/cypress/psoc creator/3.3/psoc creator/import/gnu/arm/4.9.3/bin/../lib/gcc/arm-none-eabi/4.9.3/armv7-m/crtn.o

Memory Configuration

Name             Origin             Length             Attributes
rom              0x00000000         0x00040000         xr
ram              0x1fff8000         0x00010000         xrw
*default*        0x00000000         0xffffffff

Linker script and memory map

LOAD c:/program files (x86)/cypress/psoc creator/3.3/psoc creator/import/gnu/arm/4.9.3/bin/../lib/gcc/arm-none-eabi/4.9.3/armv7-m/crti.o
LOAD c:/program files (x86)/cypress/psoc creator/3.3/psoc creator/import/gnu/arm/4.9.3/bin/../lib/gcc/arm-none-eabi/4.9.3/armv7-m/crtbegin.o
LOAD c:/program files (x86)/cypress/psoc creator/3.3/psoc creator/import/gnu/arm/4.9.3/bin/../lib/gcc/arm-none-eabi/4.9.3/../../../../arm-none-eabi/lib/armv7-m/crt0.o
START GROUP
LOAD .\CortexM3\ARM_GCC_493\Debug\main.o
LOAD .\CortexM3\ARM_GCC_493\Debug\keyboard.o
LOAD .\CortexM3\ARM_GCC_493\Debug\cymetadata.o
LOAD .\CortexM3\ARM_GCC_493\Debug\Cm3Start.o
LOAD .\CortexM3\ARM_GCC_493\Debug\PS2Keyboard.a
LOAD C:\Program Files (x86)\Cypress\PSoC Creator\3.3\PSoC Creator\psoc\content\cycomponentlibrary\CyComponentLibrary.cylib\CortexM3\ARM_GCC_493\Debug\CyComponentLibrary.a
END GROUP
START GROUP
LOAD c:/program files (x86)/cypress/psoc creator/3.3/psoc creator/import/gnu/arm/4.9.3/bin/../lib/gcc/arm-none-eabi/4.9.3/armv7-m\libgcc.a
LOAD c:/program files (x86)/cypress/psoc creator/3.3/psoc creator/import/gnu/arm/4.9.3/bin/../lib/gcc/arm-none-eabi/4.9.3/../../../../arm-none-eabi/lib/armv7-m\libg_nano.a
LOAD c:/program files (x86)/cypress/psoc creator/3.3/psoc creator/import/gnu/arm/4.9.3/bin/../lib/gcc/arm-none-eabi/4.9.3/../../../../arm-none-eabi/lib/armv7-m\libc_nano.a
END GROUP
START GROUP
LOAD c:/program files (x86)/cypress/psoc creator/3.3/psoc creator/import/gnu/arm/4.9.3/bin/../lib/gcc/arm-none-eabi/4.9.3/armv7-m\libgcc.a
LOAD c:/program files (x86)/cypress/psoc creator/3.3/psoc creator/import/gnu/arm/4.9.3/bin/../lib/gcc/arm-none-eabi/4.9.3/../../../../arm-none-eabi/lib/armv7-m\libc_nano.a
END GROUP
LOAD c:/program files (x86)/cypress/psoc creator/3.3/psoc creator/import/gnu/arm/4.9.3/bin/../lib/gcc/arm-none-eabi/4.9.3/armv7-m/crtend.o
LOAD c:/program files (x86)/cypress/psoc creator/3.3/psoc creator/import/gnu/arm/4.9.3/bin/../lib/gcc/arm-none-eabi/4.9.3/armv7-m/crtn.o
START GROUP
LOAD c:/program files (x86)/cypress/psoc creator/3.3/psoc creator/import/gnu/arm/4.9.3/bin/../lib/gcc/arm-none-eabi/4.9.3/armv7-m\libgcc.a
LOAD c:/program files (x86)/cypress/psoc creator/3.3/psoc creator/import/gnu/arm/4.9.3/bin/../lib/gcc/arm-none-eabi/4.9.3/../../../../arm-none-eabi/lib/armv7-m\libc.a
LOAD c:/program files (x86)/cypress/psoc creator/3.3/psoc creator/import/gnu/arm/4.9.3/bin/../lib/gcc/arm-none-eabi/4.9.3/../../../../arm-none-eabi/lib/armv7-m\libnosys.a
END GROUP
                0x00000000                CY_APPL_ORIGIN = 0x0
                0x00000100                CY_FLASH_ROW_SIZE = 0x100
                0x00000020                CY_ECC_ROW_SIZE = 0x20
                0x00000000                CY_EE_IN_BTLDR = 0x0
                0x00000000                CY_APPL_LOADABLE = 0x0
                0x00000800                CY_EE_SIZE = 0x800
                0x00000001                CY_APPL_NUM = 0x1
                0x00000001                CY_APPL_MAX = 0x1
                0x00000040                CY_METADATA_SIZE = 0x40
                0x00000000                CY_APPL_LOADABLE = 0x0
                0x00000000                CY_CHECKSUM_EXCLUDE_SIZE = ALIGN (0x0, CY_FLASH_ROW_SIZE)
                0x1fff8158                PROVIDE (__cy_heap_start, _end)
                0x00000001                PROVIDE (__cy_region_num, ((__cy_regions_end - __cy_regions) / 0x10))
                0x20008000                PROVIDE (__cy_stack, (ORIGIN (ram) + 0x10000))
                0x20007800                PROVIDE (__cy_heap_end, (__cy_stack - 0x800))

.cybootloader   0x00000000        0x0
 *(.cybootloader)
                0x00000000                appl1_start = CY_APPL_ORIGIN?CY_APPL_ORIGIN:ALIGN (CY_FLASH_ROW_SIZE)
                0x0001ff00                appl2_start = (appl1_start + ALIGN ((((0x40000 - appl1_start) - (0x2 * CY_FLASH_ROW_SIZE)) / 0x2), CY_FLASH_ROW_SIZE))
                0x00000000                appl_start = (CY_APPL_NUM == 0x1)?appl1_start:appl2_start
                0x00000000                ecc_offset = ((appl_start / CY_FLASH_ROW_SIZE) * CY_ECC_ROW_SIZE)
                0x00000000                ee_offset = (CY_APPL_LOADABLE && ! (CY_EE_IN_BTLDR))?((CY_EE_SIZE / CY_APPL_MAX) * (CY_APPL_NUM - 0x1)):0x0
                0x00000800                ee_size = (CY_APPL_LOADABLE && ! (CY_EE_IN_BTLDR))?(CY_EE_SIZE / CY_APPL_MAX):CY_EE_SIZE
                0x00000000                PROVIDE (CY_ECC_OFFSET, ecc_offset)

.text           0x00000000     0x105e
 CREATE_OBJECT_SYMBOLS
                0x00000000                PROVIDE (__cy_interrupt_vector, RomVectors)
 *(.romvectors)
 .romvectors    0x00000000       0x10 .\CortexM3\ARM_GCC_493\Debug\Cm3Start.o
                0x00000000                RomVectors
                0x00000001                ASSERT ((. != __cy_interrupt_vector), No interrupt vector)
                0x00000001                ASSERT (CY_APPL_ORIGIN?(SIZEOF (.cybootloader) <= CY_APPL_ORIGIN):0x1, Wrong image location)
                0x00000010                PROVIDE (__cy_reset, Reset)
 *(.text.Reset)
 .text.Reset    0x00000010       0x18 .\CortexM3\ARM_GCC_493\Debug\Cm3Start.o
                0x00000010                Reset
                0x00000001                ASSERT ((. != __cy_reset), No reset code)
 *(.dma_init)
                0x00000001                ASSERT ((((appl_start + .) <= 0x10000) || 0x1), DMA Init must be within the first 64k of flash)
 *(.text .text.* .gnu.linkonce.t.*)
 .text          0x00000028       0x5c c:/program files (x86)/cypress/psoc creator/3.3/psoc creator/import/gnu/arm/4.9.3/bin/../lib/gcc/arm-none-eabi/4.9.3/armv7-m/crtbegin.o
 .text.main     0x00000084       0xd4 .\CortexM3\ARM_GCC_493\Debug\main.o
                0x00000084                main
 .text.KeyboardDecodeData
                0x00000158      0x114 .\CortexM3\ARM_GCC_493\Debug\keyboard.o
                0x00000158                KeyboardDecodeData
 .text.KeyboardToASCII
                0x0000026c      0x184 .\CortexM3\ARM_GCC_493\Debug\keyboard.o
                0x0000026c                KeyboardToASCII
 .text.KeyboardAction
                0x000003f0      0x26c .\CortexM3\ARM_GCC_493\Debug\keyboard.o
                0x000003f0                KeyboardAction
 .text.IntDefaultHandler
                0x0000065c        0x4 .\CortexM3\ARM_GCC_493\Debug\Cm3Start.o
                0x0000065c                IntDefaultHandler
 .text.Start_c  0x00000660       0x4c .\CortexM3\ARM_GCC_493\Debug\Cm3Start.o
                0x00000660                Start_c
 .text.initialize_psoc
                0x000006ac       0x74 .\CortexM3\ARM_GCC_493\Debug\Cm3Start.o
                0x000006ac                initialize_psoc
 .text.CyClockStartupError
                0x00000720        0x4 .\CortexM3\ARM_GCC_493\Debug\PS2Keyboard.a(cyfitter_cfg.o)
 .text.cfg_write_bytes32
                0x00000724       0x34 .\CortexM3\ARM_GCC_493\Debug\PS2Keyboard.a(cyfitter_cfg.o)
 .text.AnalogSetDefault
                0x00000758       0x28 .\CortexM3\ARM_GCC_493\Debug\PS2Keyboard.a(cyfitter_cfg.o)
 .text.CYMEMZERO
                0x00000780        0xc .\CortexM3\ARM_GCC_493\Debug\PS2Keyboard.a(cyfitter_cfg.o)
 .text.ClockSetup
                0x0000078c       0xc4 .\CortexM3\ARM_GCC_493\Debug\PS2Keyboard.a(cyfitter_cfg.o)
 .text.CYCONFIGCPY
                0x00000850        0x8 .\CortexM3\ARM_GCC_493\Debug\PS2Keyboard.a(cyfitter_cfg.o)
 .text.cyfitter_cfg
                0x00000858       0xf0 .\CortexM3\ARM_GCC_493\Debug\PS2Keyboard.a(cyfitter_cfg.o)
                0x00000858                cyfitter_cfg
 .text          0x00000948       0x20 .\CortexM3\ARM_GCC_493\Debug\PS2Keyboard.a(CyBootAsmGnu.o)
                0x00000948                CyDelayCycles
                0x00000958                CyEnterCriticalSection
                0x00000960                CyExitCriticalSection
 .text.CyDelay  0x00000968       0x2c .\CortexM3\ARM_GCC_493\Debug\PS2Keyboard.a(CyLib.o)
                0x00000968                CyDelay
 .text.UART_Init
                0x00000994       0x28 .\CortexM3\ARM_GCC_493\Debug\PS2Keyboard.a(UART.o)
                0x00000994                UART_Init
 .text.UART_Enable
                0x000009bc       0x38 .\CortexM3\ARM_GCC_493\Debug\PS2Keyboard.a(UART.o)
                0x000009bc                UART_Enable
 .text.UART_Start
                0x000009f4       0x1c .\CortexM3\ARM_GCC_493\Debug\PS2Keyboard.a(UART.o)
                0x000009f4                UART_Start
 .text.UART_PutChar
                0x00000a10       0x18 .\CortexM3\ARM_GCC_493\Debug\PS2Keyboard.a(UART.o)
                0x00000a10                UART_PutChar
 .text.UART_PutString
                0x00000a28       0x24 .\CortexM3\ARM_GCC_493\Debug\PS2Keyboard.a(UART.o)
                0x00000a28                UART_PutString
 .text.PS2_TIMER
                0x00000a4c       0x18 .\CortexM3\ARM_GCC_493\Debug\PS2Keyboard.a(PS2.o)
                0x00000a4c                PS2_TIMER
 .text.PS2_Init
                0x00000a64       0x6c .\CortexM3\ARM_GCC_493\Debug\PS2Keyboard.a(PS2.o)
                0x00000a64                PS2_Init
 .text.PS2_Start
                0x00000ad0       0x18 .\CortexM3\ARM_GCC_493\Debug\PS2Keyboard.a(PS2.o)
                0x00000ad0                PS2_Start
 .text.PS2_WriteByte
                0x00000ae8      0x1dc .\CortexM3\ARM_GCC_493\Debug\PS2Keyboard.a(PS2.o)
                0x00000ae8                PS2_WriteByte
 .text.PS2_SendCommand
                0x00000cc4       0xe4 .\CortexM3\ARM_GCC_493\Debug\PS2Keyboard.a(PS2.o)
                0x00000cc4                PS2_SendCommand
 .text.PS2_DetectDevice
                0x00000da8       0xa4 .\CortexM3\ARM_GCC_493\Debug\PS2Keyboard.a(PS2.o)
                0x00000da8                PS2_DetectDevice
 .text.PS2_cReadByte
                0x00000e4c       0x30 .\CortexM3\ARM_GCC_493\Debug\PS2Keyboard.a(PS2.o)
                0x00000e4c                PS2_cReadByte
 .text.UART_IntClock_Start
                0x00000e7c       0x1c .\CortexM3\ARM_GCC_493\Debug\PS2Keyboard.a(UART_IntClock.o)
                0x00000e7c                UART_IntClock_Start
 .text.PS2_controlReg_Write
                0x00000e98        0xc .\CortexM3\ARM_GCC_493\Debug\PS2Keyboard.a(PS2_controlReg.o)
                0x00000e98                PS2_controlReg_Write
 .text.PS2_controlReg_Read
                0x00000ea4        0xc .\CortexM3\ARM_GCC_493\Debug\PS2Keyboard.a(PS2_controlReg.o)
                0x00000ea4                PS2_controlReg_Read
 .text.PS2_statusReg_Read
                0x00000eb0        0xc .\CortexM3\ARM_GCC_493\Debug\PS2Keyboard.a(PS2_statusReg.o)
                0x00000eb0                PS2_statusReg_Read
 .text.PS2_stateReg_Read
                0x00000ebc        0xc .\CortexM3\ARM_GCC_493\Debug\PS2Keyboard.a(PS2_stateReg.o)
                0x00000ebc                PS2_stateReg_Read
 .text.PS2_dataIn_Write
                0x00000ec8        0xc .\CortexM3\ARM_GCC_493\Debug\PS2Keyboard.a(PS2_dataIn.o)
                0x00000ec8                PS2_dataIn_Write
 .text.PS2_dataOut_Read
                0x00000ed4        0xc .\CortexM3\ARM_GCC_493\Debug\PS2Keyboard.a(PS2_dataOut.o)
                0x00000ed4                PS2_dataOut_Read
 .text.PS2_Timer_Enable
                0x00000ee0       0x10 .\CortexM3\ARM_GCC_493\Debug\PS2Keyboard.a(PS2_Timer.o)
                0x00000ee0                PS2_Timer_Enable
 .text.PS2_Timer_Stop
                0x00000ef0       0x10 .\CortexM3\ARM_GCC_493\Debug\PS2Keyboard.a(PS2_Timer.o)
                0x00000ef0                PS2_Timer_Stop
 .text.PS2_Timer_SetInterruptMode
                0x00000f00        0xc .\CortexM3\ARM_GCC_493\Debug\PS2Keyboard.a(PS2_Timer.o)
                0x00000f00                PS2_Timer_SetInterruptMode
 .text.PS2_Timer_ReadStatusRegister
                0x00000f0c        0xc .\CortexM3\ARM_GCC_493\Debug\PS2Keyboard.a(PS2_Timer.o)
                0x00000f0c                PS2_Timer_ReadStatusRegister
 .text.PS2_Timer_WritePeriod
                0x00000f18        0xc .\CortexM3\ARM_GCC_493\Debug\PS2Keyboard.a(PS2_Timer.o)
                0x00000f18                PS2_Timer_WritePeriod
 .text.PS2_Timer_ReadCapture
                0x00000f24        0xc .\CortexM3\ARM_GCC_493\Debug\PS2Keyboard.a(PS2_Timer.o)
                0x00000f24                PS2_Timer_ReadCapture
 .text.PS2_Timer_WriteCounter
                0x00000f30        0xc .\CortexM3\ARM_GCC_493\Debug\PS2Keyboard.a(PS2_Timer.o)
                0x00000f30                PS2_Timer_WriteCounter
 .text.PS2_Timer_ClearFIFO
                0x00000f3c       0x14 .\CortexM3\ARM_GCC_493\Debug\PS2Keyboard.a(PS2_Timer.o)
                0x00000f3c                PS2_Timer_ClearFIFO
 .text.PS2_Timer_Init
                0x00000f50       0x30 .\CortexM3\ARM_GCC_493\Debug\PS2Keyboard.a(PS2_Timer.o)
                0x00000f50                PS2_Timer_Init
 .text.PS2_Timer_Start
                0x00000f80       0x1c .\CortexM3\ARM_GCC_493\Debug\PS2Keyboard.a(PS2_Timer.o)
                0x00000f80                PS2_Timer_Start
 .text.PS2_Timer_ISR_SetVector
                0x00000f9c        0xc .\CortexM3\ARM_GCC_493\Debug\PS2Keyboard.a(PS2_Timer_ISR.o)
                0x00000f9c                PS2_Timer_ISR_SetVector
 .text.PS2_Timer_ISR_SetPriority
                0x00000fa8       0x10 .\CortexM3\ARM_GCC_493\Debug\PS2Keyboard.a(PS2_Timer_ISR.o)
                0x00000fa8                PS2_Timer_ISR_SetPriority
 .text.PS2_Timer_ISR_Enable
                0x00000fb8        0xc .\CortexM3\ARM_GCC_493\Debug\PS2Keyboard.a(PS2_Timer_ISR.o)
                0x00000fb8                PS2_Timer_ISR_Enable
 .text.PS2_Timer_ISR_Disable
                0x00000fc4        0xc .\CortexM3\ARM_GCC_493\Debug\PS2Keyboard.a(PS2_Timer_ISR.o)
                0x00000fc4                PS2_Timer_ISR_Disable
 .text.PS2_Timer_ISR_StartEx
                0x00000fd0       0x1c .\CortexM3\ARM_GCC_493\Debug\PS2Keyboard.a(PS2_Timer_ISR.o)
                0x00000fd0                PS2_Timer_ISR_StartEx
 .text.__libc_init_array
                0x00000fec       0x4c c:/program files (x86)/cypress/psoc creator/3.3/psoc creator/import/gnu/arm/4.9.3/bin/../lib/gcc/arm-none-eabi/4.9.3/../../../../arm-none-eabi/lib/armv7-m\libg_nano.a(lib_a-init.o)
                0x00000fec                __libc_init_array
 .text.memcpy   0x00001038       0x16 c:/program files (x86)/cypress/psoc creator/3.3/psoc creator/import/gnu/arm/4.9.3/bin/../lib/gcc/arm-none-eabi/4.9.3/../../../../arm-none-eabi/lib/armv7-m\libg_nano.a(lib_a-memcpy.o)
                0x00001038                memcpy
 .text.memset   0x0000104e       0x10 c:/program files (x86)/cypress/psoc creator/3.3/psoc creator/import/gnu/arm/4.9.3/bin/../lib/gcc/arm-none-eabi/4.9.3/../../../../arm-none-eabi/lib/armv7-m\libg_nano.a(lib_a-memset.o)
                0x0000104e                memset
 *(.plt)
 *(.gnu.warning)
 *(.glue_7t)
 .glue_7t       0x00000000        0x0 linker stubs
 *(.glue_7)
 .glue_7        0x00000000        0x0 linker stubs
 *(.vfp11_veneer)
 .vfp11_veneer  0x00000000        0x0 linker stubs
 *(.bootloader)
 *(.ARM.extab* .gnu.linkonce.armextab.*)
 *(.gcc_except_table)

.v4_bx          0x00001060        0x0
 .v4_bx         0x00000000        0x0 linker stubs

.iplt           0x00001060        0x0
 .iplt          0x00000000        0x0 c:/program files (x86)/cypress/psoc creator/3.3/psoc creator/import/gnu/arm/4.9.3/bin/../lib/gcc/arm-none-eabi/4.9.3/armv7-m/crtbegin.o

.eh_frame_hdr
 *(.eh_frame_hdr)

.eh_frame       0x00001060        0x4
 *(.eh_frame)
 .eh_frame      0x00001060        0x0 c:/program files (x86)/cypress/psoc creator/3.3/psoc creator/import/gnu/arm/4.9.3/bin/../lib/gcc/arm-none-eabi/4.9.3/armv7-m/crtbegin.o
 .eh_frame      0x00001060        0x4 c:/program files (x86)/cypress/psoc creator/3.3/psoc creator/import/gnu/arm/4.9.3/bin/../lib/gcc/arm-none-eabi/4.9.3/armv7-m/crtend.o
                0x00001064                PROVIDE (__exidx_start, .)

.ARM.exidx
 *(.ARM.exidx* .gnu.linkonce.armexidx.*)
                0x00001064                __exidx_end = .

.rodata         0x00001064      0x2dc
 *(.rodata .rodata.* .gnu.linkonce.r.*)
 .rodata.str1.4
                0x00001064       0x44 .\CortexM3\ARM_GCC_493\Debug\main.o
                                 0x48 (size before relaxing)
 .rodata        0x000010a8      0x220 .\CortexM3\ARM_GCC_493\Debug\keyboard.o
                0x000010a8                ControlScancode
                0x000010e8                KeypadScancode
                0x00001100                AlphabetScancode
                0x00001154                ShiftableScancode
                0x0000119c                PianoScancode
 .rodata.str1.4
                0x000012c8       0x10 .\CortexM3\ARM_GCC_493\Debug\keyboard.o
 .rodata        0x000012d8       0x30 .\CortexM3\ARM_GCC_493\Debug\PS2Keyboard.a(cyfitter_cfg.o)
                0x00001308                . = ALIGN (0x4)
 *(.init)
 .init          0x00001308        0x4 c:/program files (x86)/cypress/psoc creator/3.3/psoc creator/import/gnu/arm/4.9.3/bin/../lib/gcc/arm-none-eabi/4.9.3/armv7-m/crti.o
                0x00001308                _init
 .init          0x0000130c        0x8 c:/program files (x86)/cypress/psoc creator/3.3/psoc creator/import/gnu/arm/4.9.3/bin/../lib/gcc/arm-none-eabi/4.9.3/armv7-m/crtn.o
                0x00001314                . = ALIGN (0x4)
                0x00001314                __preinit_array_start = .
 *(.preinit_array)
                0x00001314                __preinit_array_end = .
                0x00001314                . = ALIGN (0x4)
                0x00001314                __init_array_start = .
 *(SORT(.init_array.*))
 *(.init_array)
 .init_array    0x00001314        0x4 c:/program files (x86)/cypress/psoc creator/3.3/psoc creator/import/gnu/arm/4.9.3/bin/../lib/gcc/arm-none-eabi/4.9.3/armv7-m/crtbegin.o
 .init_array    0x00001318        0x4 .\CortexM3\ARM_GCC_493\Debug\Cm3Start.o
                0x0000131c                __init_array_end = .
                0x0000131c                . = ALIGN (0x4)
 *(.fini)
 .fini          0x0000131c        0x4 c:/program files (x86)/cypress/psoc creator/3.3/psoc creator/import/gnu/arm/4.9.3/bin/../lib/gcc/arm-none-eabi/4.9.3/armv7-m/crti.o
                0x0000131c                _fini
 .fini          0x00001320        0x8 c:/program files (x86)/cypress/psoc creator/3.3/psoc creator/import/gnu/arm/4.9.3/bin/../lib/gcc/arm-none-eabi/4.9.3/armv7-m/crtn.o
                0x00001328                . = ALIGN (0x4)
                0x00001328                __fini_array_start = .
 *(.fini_array)
 .fini_array    0x00001328        0x4 c:/program files (x86)/cypress/psoc creator/3.3/psoc creator/import/gnu/arm/4.9.3/bin/../lib/gcc/arm-none-eabi/4.9.3/armv7-m/crtbegin.o
 *(SORT(.fini_array.*))
                0x0000132c                __fini_array_end = .
                0x0000132c                . = ALIGN (0x4)
 *crtbegin.o(.ctors)
 *(EXCLUDE_FILE(*crtend.o) .ctors)
 *(SORT(.ctors.*))
 *crtend.o(.ctors)
                0x0000132c                . = ALIGN (0x4)
 *crtbegin.o(.dtors)
 *(EXCLUDE_FILE(*crtend.o) .dtors)
 *(SORT(.dtors.*))
 *crtend.o(.dtors)
                0x0000132c                . = ALIGN (0x4)
                0x0000132c                __cy_regions = .
                0x0000132c        0x4 LONG 0x1340 __cy_region_init_ram
                0x00001330        0x4 LONG 0x1fff8108 __cy_region_start_data
                0x00001334        0x4 LONG 0x18 __cy_region_init_size_ram
                0x00001338        0x4 LONG 0x38 __cy_region_zero_size_ram
                0x0000133c                __cy_regions_end = .
                0x00001340                . = ALIGN (0x8)
 *fill*         0x0000133c        0x4 
                0x00001340                _etext = .

.cy_checksum_exclude
                0x00001340        0x0
 *(.cy_checksum_exclude)

.ramvectors     0x1fff8000      0x100
                0x1fff8000                __cy_region_start_ram = .
 *(.ramvectors)
 .ramvectors    0x1fff8000      0x100 .\CortexM3\ARM_GCC_493\Debug\Cm3Start.o
                0x1fff8000                CyRamVectors

.noinit         0x1fff8100        0x5
 *(.noinit)
 .noinit        0x1fff8100        0x4 .\CortexM3\ARM_GCC_493\Debug\Cm3Start.o
 .noinit        0x1fff8104        0x1 .\CortexM3\ARM_GCC_493\Debug\PS2Keyboard.a(CyLib.o)
                0x1fff8104                CyResetStatus

.data           0x1fff8108       0x18 load address 0x00001340
                0x1fff8108                __cy_region_start_data = .
 *(.jcr)
 .jcr           0x1fff8108        0x0 c:/program files (x86)/cypress/psoc creator/3.3/psoc creator/import/gnu/arm/4.9.3/bin/../lib/gcc/arm-none-eabi/4.9.3/armv7-m/crtbegin.o
 .jcr           0x1fff8108        0x4 c:/program files (x86)/cypress/psoc creator/3.3/psoc creator/import/gnu/arm/4.9.3/bin/../lib/gcc/arm-none-eabi/4.9.3/armv7-m/crtend.o
 *(.got.plt)
 *(.got)
 *(.shdata)
 *(.data .data.* .gnu.linkonce.d.*)
 .data          0x1fff810c       0x10 .\CortexM3\ARM_GCC_493\Debug\PS2Keyboard.a(CyLib.o)
                0x1fff810c                cydelay_32k_ms
                0x1fff8110                cydelay_freq_khz
                0x1fff8114                cydelay_freq_mhz
                0x1fff8118                cydelay_freq_hz
                0x1fff8120                . = ALIGN (0x8)
 *fill*         0x1fff811c        0x4 
 *(.ram)
                0x1fff8120                _edata = .

.igot.plt       0x1fff8120        0x0 load address 0x00001358
 .igot.plt      0x00000000        0x0 c:/program files (x86)/cypress/psoc creator/3.3/psoc creator/import/gnu/arm/4.9.3/bin/../lib/gcc/arm-none-eabi/4.9.3/armv7-m/crtbegin.o

.bss            0x1fff8120       0x38 load address 0x00001358
                0x1fff8120                PROVIDE (__bss_start__, .)
 *(.shbss)
 *(.bss .bss.* .gnu.linkonce.b.*)
 .bss           0x1fff8120       0x1c c:/program files (x86)/cypress/psoc creator/3.3/psoc creator/import/gnu/arm/4.9.3/bin/../lib/gcc/arm-none-eabi/4.9.3/armv7-m/crtbegin.o
 .bss           0x1fff813c        0x7 .\CortexM3\ARM_GCC_493\Debug\main.o
                0x1fff813c                PianoMode
                0x1fff813d                AltDown
                0x1fff813e                CtrlDown
                0x1fff813f                ShiftDown
                0x1fff8140                ScrollLock
                0x1fff8141                CapsLock
                0x1fff8142                NumLock
 .bss           0x1fff8143        0x6 .\CortexM3\ARM_GCC_493\Debug\keyboard.o
 .bss           0x1fff8149        0x2 .\CortexM3\ARM_GCC_493\Debug\PS2Keyboard.a(UART.o)
                0x1fff8149                UART_initVar
 .bss           0x1fff814b        0x1 .\CortexM3\ARM_GCC_493\Debug\PS2Keyboard.a(PS2_Timer.o)
                0x1fff814b                PS2_Timer_initVar
 *(COMMON)
 COMMON         0x1fff814c        0x5 .\CortexM3\ARM_GCC_493\Debug\PS2Keyboard.a(PS2.o)
                0x1fff814c                PS2_deviceDetectFail
                0x1fff814e                PS2_timer_reps
                0x1fff8150                PS2_initVar
                0x1fff8158                . = ALIGN (0x8)
 *fill*         0x1fff8151        0x7 
 *(.ram.b)
                0x1fff8158                _end = .
                0x1fff8158                __end = .
                0x1fff8158                PROVIDE (end, .)
                0x1fff8158                PROVIDE (__bss_end__, .)
                0x00001340                __cy_region_init_ram = LOADADDR (.data)
                0x00000018                __cy_region_init_size_ram = (_edata - ADDR (.data))
                0x00000038                __cy_region_zero_size_ram = (_end - _edata)

.heap           0x1fff8158       0x80 load address 0x00001358
                0x1fff8158                . = _end
                0x1fff81d8                . = (. + 0x80)
 *fill*         0x1fff8158       0x80 
                0x1fff81d8                __cy_heap_limit = .

.stack          0x20007800      0x800
                0x20007800                __cy_stack_limit = .
                0x20008000                . = (. + 0x800)
 *fill*         0x20007800      0x800 
                0x00000001                ASSERT ((__cy_stack_limit >= __cy_heap_limit), region RAM overflowed with stack)
                0x00000000                cy_checksum_exclude_size = (CY_APPL_LOADABLE == 0x1)?SIZEOF (.cy_checksum_exclude):0x0
                0x00000001                ASSERT ((cy_checksum_exclude_size <= CY_CHECKSUM_EXCLUDE_SIZE), CY_BOOT: Section .cy_checksum_exclude size exceedes specified limit.)

.cyloadermeta
 *(.cyloadermeta)

.cyloadablemeta
 *(.cyloadablemeta)

.cyconfigecc    0x80000000      0xbd0
 *(.cyconfigecc)
 .cyconfigecc   0x80000000      0xbd0 .\CortexM3\ARM_GCC_493\Debug\cymetadata.o
                0x80000000                cy_meta_configecc

.cycustnvl      0x90000000        0x4
 *(.cycustnvl)
 .cycustnvl     0x90000000        0x4 .\CortexM3\ARM_GCC_493\Debug\cymetadata.o
                0x90000000                cy_meta_custnvl

.cywolatch      0x90100000        0x4
 *(.cywolatch)
 .cywolatch     0x90100000        0x4 .\CortexM3\ARM_GCC_493\Debug\cymetadata.o
                0x90100000                cy_meta_wonvl

.cyeeprom       0x90200000        0x0
 *(.cyeeprom)
                0x00000001                ASSERT ((. <= ((0x90200000 + ee_offset) + ee_size)), .cyeeprom data will not fit in EEPROM)

.cyflashprotect
                0x90400000      0x100
 *(.cyflashprotect)
 .cyflashprotect
                0x90400000      0x100 .\CortexM3\ARM_GCC_493\Debug\cymetadata.o
                0x90400000                cy_meta_flashprotect

.cymeta         0x90500000        0xc
 *(.cymeta)
 .cymeta        0x90500000        0xc .\CortexM3\ARM_GCC_493\Debug\cymetadata.o
                0x90500000                cy_metadata

.rel.dyn        0x00001358        0x0 load address 0x9050000c
 .rel.iplt      0x00000000        0x0 c:/program files (x86)/cypress/psoc creator/3.3/psoc creator/import/gnu/arm/4.9.3/bin/../lib/gcc/arm-none-eabi/4.9.3/armv7-m/crtbegin.o

.stab
 *(.stab)

.stabstr
 *(.stabstr)

.debug
 *(.debug)

.line
 *(.line)

.debug_srcinfo
 *(.debug_srcinfo)

.debug_sfnames
 *(.debug_sfnames)

.debug_aranges  0x00000000      0x928
 *(.debug_aranges)
 .debug_aranges
                0x00000000       0x20 .\CortexM3\ARM_GCC_493\Debug\main.o
 .debug_aranges
                0x00000020       0x30 .\CortexM3\ARM_GCC_493\Debug\keyboard.o
 .debug_aranges
                0x00000050       0x18 .\CortexM3\ARM_GCC_493\Debug\cymetadata.o
 .debug_aranges
                0x00000068       0x48 .\CortexM3\ARM_GCC_493\Debug\Cm3Start.o
 .debug_aranges
                0x000000b0       0x58 .\CortexM3\ARM_GCC_493\Debug\PS2Keyboard.a(cyfitter_cfg.o)
 .debug_aranges
                0x00000108       0x20 .\CortexM3\ARM_GCC_493\Debug\PS2Keyboard.a(CyBootAsmGnu.o)
 .debug_aranges
                0x00000128      0x298 .\CortexM3\ARM_GCC_493\Debug\PS2Keyboard.a(CyLib.o)
 .debug_aranges
                0x000003c0       0x98 .\CortexM3\ARM_GCC_493\Debug\PS2Keyboard.a(cyPm.o)
 .debug_aranges
                0x00000458       0xf0 .\CortexM3\ARM_GCC_493\Debug\PS2Keyboard.a(UART.o)
 .debug_aranges
                0x00000548       0x58 .\CortexM3\ARM_GCC_493\Debug\PS2Keyboard.a(PS2.o)
 .debug_aranges
                0x000005a0       0x70 .\CortexM3\ARM_GCC_493\Debug\PS2Keyboard.a(UART_IntClock.o)
 .debug_aranges
                0x00000610       0x28 .\CortexM3\ARM_GCC_493\Debug\PS2Keyboard.a(PS2_controlReg.o)
 .debug_aranges
                0x00000638       0x40 .\CortexM3\ARM_GCC_493\Debug\PS2Keyboard.a(PS2_statusReg.o)
 .debug_aranges
                0x00000678       0x40 .\CortexM3\ARM_GCC_493\Debug\PS2Keyboard.a(PS2_stateReg.o)
 .debug_aranges
                0x000006b8       0x28 .\CortexM3\ARM_GCC_493\Debug\PS2Keyboard.a(PS2_dataIn.o)
 .debug_aranges
                0x000006e0       0x40 .\CortexM3\ARM_GCC_493\Debug\PS2Keyboard.a(PS2_dataOut.o)
 .debug_aranges
                0x00000720       0x90 .\CortexM3\ARM_GCC_493\Debug\PS2Keyboard.a(PS2_Timer.o)
 .debug_aranges
                0x000007b0       0x80 .\CortexM3\ARM_GCC_493\Debug\PS2Keyboard.a(PS2_Timer_ISR.o)
 .debug_aranges
                0x00000830       0x80 .\CortexM3\ARM_GCC_493\Debug\PS2Keyboard.a(CyFlash.o)
 .debug_aranges
                0x000008b0       0x78 .\CortexM3\ARM_GCC_493\Debug\PS2Keyboard.a(CySpc.o)

.debug_pubnames
 *(.debug_pubnames)

.debug_info     0x00000000     0x5758
 *(.debug_info .gnu.linkonce.wi.*)
 .debug_info    0x00000000      0x3f3 .\CortexM3\ARM_GCC_493\Debug\main.o
 .debug_info    0x000003f3      0x43b .\CortexM3\ARM_GCC_493\Debug\keyboard.o
 .debug_info    0x0000082e      0x13f .\CortexM3\ARM_GCC_493\Debug\cymetadata.o
 .debug_info    0x0000096d      0x3a5 .\CortexM3\ARM_GCC_493\Debug\Cm3Start.o
 .debug_info    0x00000d12      0x4d3 .\CortexM3\ARM_GCC_493\Debug\PS2Keyboard.a(cyfitter_cfg.o)
 .debug_info    0x000011e5       0x94 .\CortexM3\ARM_GCC_493\Debug\PS2Keyboard.a(CyBootAsmGnu.o)
 .debug_info    0x00001279     0x1371 .\CortexM3\ARM_GCC_493\Debug\PS2Keyboard.a(CyLib.o)
 .debug_info    0x000025ea      0xa58 .\CortexM3\ARM_GCC_493\Debug\PS2Keyboard.a(cyPm.o)
 .debug_info    0x00003042      0x603 .\CortexM3\ARM_GCC_493\Debug\PS2Keyboard.a(UART.o)
 .debug_info    0x00003645      0x7e9 .\CortexM3\ARM_GCC_493\Debug\PS2Keyboard.a(PS2.o)
 .debug_info    0x00003e2e      0x283 .\CortexM3\ARM_GCC_493\Debug\PS2Keyboard.a(UART_IntClock.o)
 .debug_info    0x000040b1       0xd6 .\CortexM3\ARM_GCC_493\Debug\PS2Keyboard.a(PS2_controlReg.o)
 .debug_info    0x00004187      0x17a .\CortexM3\ARM_GCC_493\Debug\PS2Keyboard.a(PS2_statusReg.o)
 .debug_info    0x00004301      0x178 .\CortexM3\ARM_GCC_493\Debug\PS2Keyboard.a(PS2_stateReg.o)
 .debug_info    0x00004479       0xd6 .\CortexM3\ARM_GCC_493\Debug\PS2Keyboard.a(PS2_dataIn.o)
 .debug_info    0x0000454f      0x178 .\CortexM3\ARM_GCC_493\Debug\PS2Keyboard.a(PS2_dataOut.o)
 .debug_info    0x000046c7      0x2cc .\CortexM3\ARM_GCC_493\Debug\PS2Keyboard.a(PS2_Timer.o)
 .debug_info    0x00004993      0x2cb .\CortexM3\ARM_GCC_493\Debug\PS2Keyboard.a(PS2_Timer_ISR.o)
 .debug_info    0x00004c5e      0x60a .\CortexM3\ARM_GCC_493\Debug\PS2Keyboard.a(CyFlash.o)
 .debug_info    0x00005268      0x4f0 .\CortexM3\ARM_GCC_493\Debug\PS2Keyboard.a(CySpc.o)

.debug_abbrev   0x00000000     0x19c4
 *(.debug_abbrev)
 .debug_abbrev  0x00000000      0x14c .\CortexM3\ARM_GCC_493\Debug\main.o
 .debug_abbrev  0x0000014c      0x1b2 .\CortexM3\ARM_GCC_493\Debug\keyboard.o
 .debug_abbrev  0x000002fe       0x77 .\CortexM3\ARM_GCC_493\Debug\cymetadata.o
 .debug_abbrev  0x00000375      0x20f .\CortexM3\ARM_GCC_493\Debug\Cm3Start.o
 .debug_abbrev  0x00000584      0x203 .\CortexM3\ARM_GCC_493\Debug\PS2Keyboard.a(cyfitter_cfg.o)
 .debug_abbrev  0x00000787       0x14 .\CortexM3\ARM_GCC_493\Debug\PS2Keyboard.a(CyBootAsmGnu.o)
 .debug_abbrev  0x0000079b      0x296 .\CortexM3\ARM_GCC_493\Debug\PS2Keyboard.a(CyLib.o)
 .debug_abbrev  0x00000a31      0x1ed .\CortexM3\ARM_GCC_493\Debug\PS2Keyboard.a(cyPm.o)
 .debug_abbrev  0x00000c1e      0x1a2 .\CortexM3\ARM_GCC_493\Debug\PS2Keyboard.a(UART.o)
 .debug_abbrev  0x00000dc0      0x12d .\CortexM3\ARM_GCC_493\Debug\PS2Keyboard.a(PS2.o)
 .debug_abbrev  0x00000eed      0x139 .\CortexM3\ARM_GCC_493\Debug\PS2Keyboard.a(UART_IntClock.o)
 .debug_abbrev  0x00001026       0x81 .\CortexM3\ARM_GCC_493\Debug\PS2Keyboard.a(PS2_controlReg.o)
 .debug_abbrev  0x000010a7       0xc6 .\CortexM3\ARM_GCC_493\Debug\PS2Keyboard.a(PS2_statusReg.o)
 .debug_abbrev  0x0000116d       0xc6 .\CortexM3\ARM_GCC_493\Debug\PS2Keyboard.a(PS2_stateReg.o)
 .debug_abbrev  0x00001233       0x81 .\CortexM3\ARM_GCC_493\Debug\PS2Keyboard.a(PS2_dataIn.o)
 .debug_abbrev  0x000012b4       0xc6 .\CortexM3\ARM_GCC_493\Debug\PS2Keyboard.a(PS2_dataOut.o)
 .debug_abbrev  0x0000137a      0x145 .\CortexM3\ARM_GCC_493\Debug\PS2Keyboard.a(PS2_Timer.o)
 .debug_abbrev  0x000014bf      0x173 .\CortexM3\ARM_GCC_493\Debug\PS2Keyboard.a(PS2_Timer_ISR.o)
 .debug_abbrev  0x00001632      0x1d1 .\CortexM3\ARM_GCC_493\Debug\PS2Keyboard.a(CyFlash.o)
 .debug_abbrev  0x00001803      0x1c1 .\CortexM3\ARM_GCC_493\Debug\PS2Keyboard.a(CySpc.o)

.debug_line     0x00000000     0x24b2
 *(.debug_line)
 .debug_line    0x00000000      0x1d6 .\CortexM3\ARM_GCC_493\Debug\main.o
 .debug_line    0x000001d6      0x1e7 .\CortexM3\ARM_GCC_493\Debug\keyboard.o
 .debug_line    0x000003bd       0x53 .\CortexM3\ARM_GCC_493\Debug\cymetadata.o
 .debug_line    0x00000410      0x249 .\CortexM3\ARM_GCC_493\Debug\Cm3Start.o
 .debug_line    0x00000659      0x1e0 .\CortexM3\ARM_GCC_493\Debug\PS2Keyboard.a(cyfitter_cfg.o)
 .debug_line    0x00000839       0x68 .\CortexM3\ARM_GCC_493\Debug\PS2Keyboard.a(CyBootAsmGnu.o)
 .debug_line    0x000008a1      0x806 .\CortexM3\ARM_GCC_493\Debug\PS2Keyboard.a(CyLib.o)
 .debug_line    0x000010a7      0x366 .\CortexM3\ARM_GCC_493\Debug\PS2Keyboard.a(cyPm.o)
 .debug_line    0x0000140d      0x2be .\CortexM3\ARM_GCC_493\Debug\PS2Keyboard.a(UART.o)
 .debug_line    0x000016cb      0x247 .\CortexM3\ARM_GCC_493\Debug\PS2Keyboard.a(PS2.o)
 .debug_line    0x00001912      0x195 .\CortexM3\ARM_GCC_493\Debug\PS2Keyboard.a(UART_IntClock.o)
 .debug_line    0x00001aa7       0x78 .\CortexM3\ARM_GCC_493\Debug\PS2Keyboard.a(PS2_controlReg.o)
 .debug_line    0x00001b1f       0xbb .\CortexM3\ARM_GCC_493\Debug\PS2Keyboard.a(PS2_statusReg.o)
 .debug_line    0x00001bda       0xb9 .\CortexM3\ARM_GCC_493\Debug\PS2Keyboard.a(PS2_stateReg.o)
 .debug_line    0x00001c93       0x74 .\CortexM3\ARM_GCC_493\Debug\PS2Keyboard.a(PS2_dataIn.o)
 .debug_line    0x00001d07       0xb8 .\CortexM3\ARM_GCC_493\Debug\PS2Keyboard.a(PS2_dataOut.o)
 .debug_line    0x00001dbf      0x176 .\CortexM3\ARM_GCC_493\Debug\PS2Keyboard.a(PS2_Timer.o)
 .debug_line    0x00001f35      0x153 .\CortexM3\ARM_GCC_493\Debug\PS2Keyboard.a(PS2_Timer_ISR.o)
 .debug_line    0x00002088      0x1ec .\CortexM3\ARM_GCC_493\Debug\PS2Keyboard.a(CyFlash.o)
 .debug_line    0x00002274      0x23e .\CortexM3\ARM_GCC_493\Debug\PS2Keyboard.a(CySpc.o)

.debug_frame    0x00000000     0x16d8
 *(.debug_frame)
 .debug_frame   0x00000000       0x30 .\CortexM3\ARM_GCC_493\Debug\main.o
 .debug_frame   0x00000030       0x60 .\CortexM3\ARM_GCC_493\Debug\keyboard.o
 .debug_frame   0x00000090       0xac .\CortexM3\ARM_GCC_493\Debug\Cm3Start.o
 .debug_frame   0x0000013c       0xe4 .\CortexM3\ARM_GCC_493\Debug\PS2Keyboard.a(cyfitter_cfg.o)
 .debug_frame   0x00000220      0x728 .\CortexM3\ARM_GCC_493\Debug\PS2Keyboard.a(CyLib.o)
 .debug_frame   0x00000948      0x1f8 .\CortexM3\ARM_GCC_493\Debug\PS2Keyboard.a(cyPm.o)
 .debug_frame   0x00000b40      0x250 .\CortexM3\ARM_GCC_493\Debug\PS2Keyboard.a(UART.o)
 .debug_frame   0x00000d90       0xe8 .\CortexM3\ARM_GCC_493\Debug\PS2Keyboard.a(PS2.o)
 .debug_frame   0x00000e78       0xe0 .\CortexM3\ARM_GCC_493\Debug\PS2Keyboard.a(UART_IntClock.o)
 .debug_frame   0x00000f58       0x30 .\CortexM3\ARM_GCC_493\Debug\PS2Keyboard.a(PS2_controlReg.o)
 .debug_frame   0x00000f88       0x78 .\CortexM3\ARM_GCC_493\Debug\PS2Keyboard.a(PS2_statusReg.o)
 .debug_frame   0x00001000       0x78 .\CortexM3\ARM_GCC_493\Debug\PS2Keyboard.a(PS2_stateReg.o)
 .debug_frame   0x00001078       0x30 .\CortexM3\ARM_GCC_493\Debug\PS2Keyboard.a(PS2_dataIn.o)
 .debug_frame   0x000010a8       0x78 .\CortexM3\ARM_GCC_493\Debug\PS2Keyboard.a(PS2_dataOut.o)
 .debug_frame   0x00001120      0x124 .\CortexM3\ARM_GCC_493\Debug\PS2Keyboard.a(PS2_Timer.o)
 .debug_frame   0x00001244      0x104 .\CortexM3\ARM_GCC_493\Debug\PS2Keyboard.a(PS2_Timer_ISR.o)
 .debug_frame   0x00001348      0x174 .\CortexM3\ARM_GCC_493\Debug\PS2Keyboard.a(CyFlash.o)
 .debug_frame   0x000014bc      0x160 .\CortexM3\ARM_GCC_493\Debug\PS2Keyboard.a(CySpc.o)
 .debug_frame   0x0000161c       0x20 c:/program files (x86)/cypress/psoc creator/3.3/psoc creator/import/gnu/arm/4.9.3/bin/../lib/gcc/arm-none-eabi/4.9.3/../../../../arm-none-eabi/lib/armv7-m\libg_nano.a(lib_a-errno.o)
 .debug_frame   0x0000163c       0x28 c:/program files (x86)/cypress/psoc creator/3.3/psoc creator/import/gnu/arm/4.9.3/bin/../lib/gcc/arm-none-eabi/4.9.3/../../../../arm-none-eabi/lib/armv7-m\libg_nano.a(lib_a-exit.o)
 .debug_frame   0x00001664       0x2c c:/program files (x86)/cypress/psoc creator/3.3/psoc creator/import/gnu/arm/4.9.3/bin/../lib/gcc/arm-none-eabi/4.9.3/../../../../arm-none-eabi/lib/armv7-m\libg_nano.a(lib_a-init.o)
 .debug_frame   0x00001690       0x28 c:/program files (x86)/cypress/psoc creator/3.3/psoc creator/import/gnu/arm/4.9.3/bin/../lib/gcc/arm-none-eabi/4.9.3/../../../../arm-none-eabi/lib/armv7-m\libg_nano.a(lib_a-memcpy.o)
 .debug_frame   0x000016b8       0x20 c:/program files (x86)/cypress/psoc creator/3.3/psoc creator/import/gnu/arm/4.9.3/bin/../lib/gcc/arm-none-eabi/4.9.3/../../../../arm-none-eabi/lib/armv7-m\libg_nano.a(lib_a-memset.o)

.debug_str      0x00000000     0x1e2c
 *(.debug_str)
 .debug_str     0x00000000      0x297 .\CortexM3\ARM_GCC_493\Debug\main.o
                                0x2df (size before relaxing)
 .debug_str     0x00000297       0xc2 .\CortexM3\ARM_GCC_493\Debug\keyboard.o
                                0x2d5 (size before relaxing)
 .debug_str     0x00000359       0x77 .\CortexM3\ARM_GCC_493\Debug\cymetadata.o
                                0x1ee (size before relaxing)
 .debug_str     0x000003d0      0x165 .\CortexM3\ARM_GCC_493\Debug\Cm3Start.o
                                0x302 (size before relaxing)
 .debug_str     0x00000535      0x15d .\CortexM3\ARM_GCC_493\Debug\PS2Keyboard.a(cyfitter_cfg.o)
                                0x307 (size before relaxing)
 .debug_str     0x00000692      0x821 .\CortexM3\ARM_GCC_493\Debug\PS2Keyboard.a(CyLib.o)
                                0xa27 (size before relaxing)
 .debug_str     0x00000eb3      0x35b .\CortexM3\ARM_GCC_493\Debug\PS2Keyboard.a(cyPm.o)
                                0x71f (size before relaxing)
 .debug_str     0x0000120e      0x27c .\CortexM3\ARM_GCC_493\Debug\PS2Keyboard.a(UART.o)
                                0x46d (size before relaxing)
 .debug_str     0x0000148a      0x11f .\CortexM3\ARM_GCC_493\Debug\PS2Keyboard.a(PS2.o)
                                0x33e (size before relaxing)
 .debug_str     0x000015a9      0x185 .\CortexM3\ARM_GCC_493\Debug\PS2Keyboard.a(UART_IntClock.o)
                                0x33a (size before relaxing)
 .debug_str     0x0000172e       0x2a .\CortexM3\ARM_GCC_493\Debug\PS2Keyboard.a(PS2_controlReg.o)
                                0x1ce (size before relaxing)
 .debug_str     0x00001758       0x95 .\CortexM3\ARM_GCC_493\Debug\PS2Keyboard.a(PS2_statusReg.o)
                                0x265 (size before relaxing)
 .debug_str     0x000017ed       0x90 .\CortexM3\ARM_GCC_493\Debug\PS2Keyboard.a(PS2_stateReg.o)
                                0x25f (size before relaxing)
 .debug_str     0x0000187d       0x36 .\CortexM3\ARM_GCC_493\Debug\PS2Keyboard.a(PS2_dataIn.o)
                                0x1c2 (size before relaxing)
 .debug_str     0x000018b3       0x8b .\CortexM3\ARM_GCC_493\Debug\PS2Keyboard.a(PS2_dataOut.o)
                                0x259 (size before relaxing)
 .debug_str     0x0000193e      0x160 .\CortexM3\ARM_GCC_493\Debug\PS2Keyboard.a(PS2_Timer.o)
                                0x36e (size before relaxing)
 .debug_str     0x00001a9e      0x142 .\CortexM3\ARM_GCC_493\Debug\PS2Keyboard.a(PS2_Timer_ISR.o)
                                0x30e (size before relaxing)
 .debug_str     0x00001be0      0x19e .\CortexM3\ARM_GCC_493\Debug\PS2Keyboard.a(CyFlash.o)
                                0x399 (size before relaxing)
 .debug_str     0x00001d7e       0xae .\CortexM3\ARM_GCC_493\Debug\PS2Keyboard.a(CySpc.o)
                                0x322 (size before relaxing)

.debug_loc      0x00000000     0x2562
 *(.debug_loc)
 .debug_loc     0x00000000       0x70 .\CortexM3\ARM_GCC_493\Debug\main.o
 .debug_loc     0x00000070      0x772 .\CortexM3\ARM_GCC_493\Debug\keyboard.o
 .debug_loc     0x000007e2      0x144 .\CortexM3\ARM_GCC_493\Debug\Cm3Start.o
 .debug_loc     0x00000926      0x1d7 .\CortexM3\ARM_GCC_493\Debug\PS2Keyboard.a(cyfitter_cfg.o)
 .debug_loc     0x00000afd      0xa11 .\CortexM3\ARM_GCC_493\Debug\PS2Keyboard.a(CyLib.o)
 .debug_loc     0x0000150e      0x1e4 .\CortexM3\ARM_GCC_493\Debug\PS2Keyboard.a(cyPm.o)
 .debug_loc     0x000016f2      0x258 .\CortexM3\ARM_GCC_493\Debug\PS2Keyboard.a(UART.o)
 .debug_loc     0x0000194a       0xaa .\CortexM3\ARM_GCC_493\Debug\PS2Keyboard.a(PS2.o)
 .debug_loc     0x000019f4      0x128 .\CortexM3\ARM_GCC_493\Debug\PS2Keyboard.a(UART_IntClock.o)
 .debug_loc     0x00001b1c       0x44 .\CortexM3\ARM_GCC_493\Debug\PS2Keyboard.a(PS2_statusReg.o)
 .debug_loc     0x00001b60       0x26 .\CortexM3\ARM_GCC_493\Debug\PS2Keyboard.a(PS2_stateReg.o)
 .debug_loc     0x00001b86       0x26 .\CortexM3\ARM_GCC_493\Debug\PS2Keyboard.a(PS2_dataOut.o)
 .debug_loc     0x00001bac       0x13 .\CortexM3\ARM_GCC_493\Debug\PS2Keyboard.a(PS2_Timer.o)
 .debug_loc     0x00001bbf       0x56 .\CortexM3\ARM_GCC_493\Debug\PS2Keyboard.a(PS2_Timer_ISR.o)
 .debug_loc     0x00001c15      0x300 .\CortexM3\ARM_GCC_493\Debug\PS2Keyboard.a(CyFlash.o)
 .debug_loc     0x00001f15      0x64d .\CortexM3\ARM_GCC_493\Debug\PS2Keyboard.a(CySpc.o)

.debug_macinfo
 *(.debug_macinfo)

.debug_ranges   0x00000000      0x7d0
 *(.debug_ranges)
 .debug_ranges  0x00000000       0x10 .\CortexM3\ARM_GCC_493\Debug\main.o
 .debug_ranges  0x00000010       0x20 .\CortexM3\ARM_GCC_493\Debug\keyboard.o
 .debug_ranges  0x00000030       0x38 .\CortexM3\ARM_GCC_493\Debug\Cm3Start.o
 .debug_ranges  0x00000068       0x48 .\CortexM3\ARM_GCC_493\Debug\PS2Keyboard.a(cyfitter_cfg.o)
 .debug_ranges  0x000000b0      0x288 .\CortexM3\ARM_GCC_493\Debug\PS2Keyboard.a(CyLib.o)
 .debug_ranges  0x00000338       0x88 .\CortexM3\ARM_GCC_493\Debug\PS2Keyboard.a(cyPm.o)
 .debug_ranges  0x000003c0       0xe0 .\CortexM3\ARM_GCC_493\Debug\PS2Keyboard.a(UART.o)
 .debug_ranges  0x000004a0       0x48 .\CortexM3\ARM_GCC_493\Debug\PS2Keyboard.a(PS2.o)
 .debug_ranges  0x000004e8       0x60 .\CortexM3\ARM_GCC_493\Debug\PS2Keyboard.a(UART_IntClock.o)
 .debug_ranges  0x00000548       0x18 .\CortexM3\ARM_GCC_493\Debug\PS2Keyboard.a(PS2_controlReg.o)
 .debug_ranges  0x00000560       0x30 .\CortexM3\ARM_GCC_493\Debug\PS2Keyboard.a(PS2_statusReg.o)
 .debug_ranges  0x00000590       0x30 .\CortexM3\ARM_GCC_493\Debug\PS2Keyboard.a(PS2_stateReg.o)
 .debug_ranges  0x000005c0       0x18 .\CortexM3\ARM_GCC_493\Debug\PS2Keyboard.a(PS2_dataIn.o)
 .debug_ranges  0x000005d8       0x30 .\CortexM3\ARM_GCC_493\Debug\PS2Keyboard.a(PS2_dataOut.o)
 .debug_ranges  0x00000608       0x80 .\CortexM3\ARM_GCC_493\Debug\PS2Keyboard.a(PS2_Timer.o)
 .debug_ranges  0x00000688       0x70 .\CortexM3\ARM_GCC_493\Debug\PS2Keyboard.a(PS2_Timer_ISR.o)
 .debug_ranges  0x000006f8       0x70 .\CortexM3\ARM_GCC_493\Debug\PS2Keyboard.a(CyFlash.o)
 .debug_ranges  0x00000768       0x68 .\CortexM3\ARM_GCC_493\Debug\PS2Keyboard.a(CySpc.o)

.comment        0x00000000       0x70
 .comment       0x00000000       0x70 .\CortexM3\ARM_GCC_493\Debug\main.o
                                 0x71 (size before relaxing)
 .comment       0x00000000       0x71 .\CortexM3\ARM_GCC_493\Debug\keyboard.o
 .comment       0x00000000       0x71 .\CortexM3\ARM_GCC_493\Debug\cymetadata.o
 .comment       0x00000000       0x71 .\CortexM3\ARM_GCC_493\Debug\Cm3Start.o
 .comment       0x00000000       0x71 .\CortexM3\ARM_GCC_493\Debug\PS2Keyboard.a(cyfitter_cfg.o)
 .comment       0x00000000       0x71 .\CortexM3\ARM_GCC_493\Debug\PS2Keyboard.a(CyLib.o)
 .comment       0x00000000       0x71 .\CortexM3\ARM_GCC_493\Debug\PS2Keyboard.a(cyPm.o)
 .comment       0x00000000       0x71 .\CortexM3\ARM_GCC_493\Debug\PS2Keyboard.a(UART.o)
 .comment       0x00000000       0x71 .\CortexM3\ARM_GCC_493\Debug\PS2Keyboard.a(PS2.o)
 .comment       0x00000000       0x71 .\CortexM3\ARM_GCC_493\Debug\PS2Keyboard.a(UART_IntClock.o)
 .comment       0x00000000       0x71 .\CortexM3\ARM_GCC_493\Debug\PS2Keyboard.a(PS2_controlReg.o)
 .comment       0x00000000       0x71 .\CortexM3\ARM_GCC_493\Debug\PS2Keyboard.a(PS2_statusReg.o)
 .comment       0x00000000       0x71 .\CortexM3\ARM_GCC_493\Debug\PS2Keyboard.a(PS2_stateReg.o)
 .comment       0x00000000       0x71 .\CortexM3\ARM_GCC_493\Debug\PS2Keyboard.a(PS2_dataIn.o)
 .comment       0x00000000       0x71 .\CortexM3\ARM_GCC_493\Debug\PS2Keyboard.a(PS2_dataOut.o)
 .comment       0x00000000       0x71 .\CortexM3\ARM_GCC_493\Debug\PS2Keyboard.a(PS2_Timer.o)
 .comment       0x00000000       0x71 .\CortexM3\ARM_GCC_493\Debug\PS2Keyboard.a(PS2_Timer_ISR.o)
 .comment       0x00000000       0x71 .\CortexM3\ARM_GCC_493\Debug\PS2Keyboard.a(CyFlash.o)
 .comment       0x00000000       0x71 .\CortexM3\ARM_GCC_493\Debug\PS2Keyboard.a(CySpc.o)

.debug_weaknames
 *(.debug_weaknames)

.debug_funcnames
 *(.debug_funcnames)

.debug_typenames
 *(.debug_typenames)

.debug_varnames
 *(.debug_varnames)

.note.gnu.arm.ident
 *(.note.gnu.arm.ident)

.ARM.attributes
                0x00000000       0x29
 *(.ARM.attributes)
 .ARM.attributes
                0x00000000       0x1d c:/program files (x86)/cypress/psoc creator/3.3/psoc creator/import/gnu/arm/4.9.3/bin/../lib/gcc/arm-none-eabi/4.9.3/armv7-m/crti.o
 .ARM.attributes
                0x0000001d       0x2d c:/program files (x86)/cypress/psoc creator/3.3/psoc creator/import/gnu/arm/4.9.3/bin/../lib/gcc/arm-none-eabi/4.9.3/armv7-m/crtbegin.o
 .ARM.attributes
                0x0000004a       0x1b c:/program files (x86)/cypress/psoc creator/3.3/psoc creator/import/gnu/arm/4.9.3/bin/../lib/gcc/arm-none-eabi/4.9.3/../../../../arm-none-eabi/lib/armv7-m/crt0.o
 .ARM.attributes
                0x00000065       0x33 .\CortexM3\ARM_GCC_493\Debug\main.o
 .ARM.attributes
                0x00000098       0x33 .\CortexM3\ARM_GCC_493\Debug\keyboard.o
 .ARM.attributes
                0x000000cb       0x33 .\CortexM3\ARM_GCC_493\Debug\cymetadata.o
 .ARM.attributes
                0x000000fe       0x33 .\CortexM3\ARM_GCC_493\Debug\Cm3Start.o
 .ARM.attributes
                0x00000131       0x33 .\CortexM3\ARM_GCC_493\Debug\PS2Keyboard.a(cyfitter_cfg.o)
 .ARM.attributes
                0x00000164       0x21 .\CortexM3\ARM_GCC_493\Debug\PS2Keyboard.a(CyBootAsmGnu.o)
 .ARM.attributes
                0x00000185       0x33 .\CortexM3\ARM_GCC_493\Debug\PS2Keyboard.a(CyLib.o)
 .ARM.attributes
                0x000001b8       0x33 .\CortexM3\ARM_GCC_493\Debug\PS2Keyboard.a(cyPm.o)
 .ARM.attributes
                0x000001eb       0x33 .\CortexM3\ARM_GCC_493\Debug\PS2Keyboard.a(UART.o)
 .ARM.attributes
                0x0000021e       0x33 .\CortexM3\ARM_GCC_493\Debug\PS2Keyboard.a(PS2.o)
 .ARM.attributes
                0x00000251       0x33 .\CortexM3\ARM_GCC_493\Debug\PS2Keyboard.a(UART_IntClock.o)
 .ARM.attributes
                0x00000284       0x33 .\CortexM3\ARM_GCC_493\Debug\PS2Keyboard.a(PS2_controlReg.o)
 .ARM.attributes
                0x000002b7       0x33 .\CortexM3\ARM_GCC_493\Debug\PS2Keyboard.a(PS2_statusReg.o)
 .ARM.attributes
                0x000002ea       0x33 .\CortexM3\ARM_GCC_493\Debug\PS2Keyboard.a(PS2_stateReg.o)
 .ARM.attributes
                0x0000031d       0x33 .\CortexM3\ARM_GCC_493\Debug\PS2Keyboard.a(PS2_dataIn.o)
 .ARM.attributes
                0x00000350       0x33 .\CortexM3\ARM_GCC_493\Debug\PS2Keyboard.a(PS2_dataOut.o)
 .ARM.attributes
                0x00000383       0x33 .\CortexM3\ARM_GCC_493\Debug\PS2Keyboard.a(PS2_Timer.o)
 .ARM.attributes
                0x000003b6       0x33 .\CortexM3\ARM_GCC_493\Debug\PS2Keyboard.a(PS2_Timer_ISR.o)
 .ARM.attributes
                0x000003e9       0x33 .\CortexM3\ARM_GCC_493\Debug\PS2Keyboard.a(CyFlash.o)
 .ARM.attributes
                0x0000041c       0x33 .\CortexM3\ARM_GCC_493\Debug\PS2Keyboard.a(CySpc.o)
 .ARM.attributes
                0x0000044f       0x2d c:/program files (x86)/cypress/psoc creator/3.3/psoc creator/import/gnu/arm/4.9.3/bin/../lib/gcc/arm-none-eabi/4.9.3/../../../../arm-none-eabi/lib/armv7-m\libg_nano.a(lib_a-errno.o)
 .ARM.attributes
                0x0000047c       0x2d c:/program files (x86)/cypress/psoc creator/3.3/psoc creator/import/gnu/arm/4.9.3/bin/../lib/gcc/arm-none-eabi/4.9.3/../../../../arm-none-eabi/lib/armv7-m\libg_nano.a(lib_a-exit.o)
 .ARM.attributes
                0x000004a9       0x2d c:/program files (x86)/cypress/psoc creator/3.3/psoc creator/import/gnu/arm/4.9.3/bin/../lib/gcc/arm-none-eabi/4.9.3/../../../../arm-none-eabi/lib/armv7-m\libg_nano.a(lib_a-impure.o)
 .ARM.attributes
                0x000004d6       0x2d c:/program files (x86)/cypress/psoc creator/3.3/psoc creator/import/gnu/arm/4.9.3/bin/../lib/gcc/arm-none-eabi/4.9.3/../../../../arm-none-eabi/lib/armv7-m\libg_nano.a(lib_a-init.o)
 .ARM.attributes
                0x00000503       0x2d c:/program files (x86)/cypress/psoc creator/3.3/psoc creator/import/gnu/arm/4.9.3/bin/../lib/gcc/arm-none-eabi/4.9.3/../../../../arm-none-eabi/lib/armv7-m\libg_nano.a(lib_a-memcpy.o)
 .ARM.attributes
                0x00000530       0x2d c:/program files (x86)/cypress/psoc creator/3.3/psoc creator/import/gnu/arm/4.9.3/bin/../lib/gcc/arm-none-eabi/4.9.3/../../../../arm-none-eabi/lib/armv7-m\libg_nano.a(lib_a-memset.o)
 .ARM.attributes
                0x0000055d       0x2d c:/program files (x86)/cypress/psoc creator/3.3/psoc creator/import/gnu/arm/4.9.3/bin/../lib/gcc/arm-none-eabi/4.9.3/armv7-m/crtend.o
 .ARM.attributes
                0x0000058a       0x1d c:/program files (x86)/cypress/psoc creator/3.3/psoc creator/import/gnu/arm/4.9.3/bin/../lib/gcc/arm-none-eabi/4.9.3/armv7-m/crtn.o

/DISCARD/
 *(.note.GNU-stack)
OUTPUT(.\CortexM3\ARM_GCC_493\Debug\PS2Keyboard.elf elf32-littlearm)
